======================================================================
СНИФФИНГ ПРОТОКОЛА (поиск маркера)
Порт: COM5
Скорость: 57600
Маркер: 5555
Начало: 2026-08-12 13:16:10
======================================================================

Пакет #1 [13:16:10.084]
HEX: 55550201B7050008000066002D
Длина: 13 байт
  Длина: 13 байт
  Маркер: 5555
  Адрес назначения: 0x02
  Адрес отправителя: 0x01
  Счетчик пакетов: 0xB7
  Длина пакетов: 0x05
  Функция: 0x08
  Адр: 0x00 0x00
  Размер: 0x00 0x66
  CRC: 0x2D
  Первые 13 байт: 55550201B7050008000066002D

Пакет #2 [13:16:10.244]
HEX: 55550102B7660019000800030000C3320100000804000008040000000000000FF8EE47C3F8EE47C3F8EE47C3F8EE47C34AAC7F40533A803A533A803A533A803A000001424AAC7F40533A803A533A803A533A803AFDEE47C3FDEE47C3FDEE47C3FDEE47C30F0000000033AE783FF3
Длина: 110 байт
  Длина: 110 байт
  Маркер: 5555
  Адрес назначения: 0x01
  Адрес отправителя: 0x02
  Счетчик пакетов: 0xB7
  Длина пакетов: 0x66
  Функция: 0x19
  Адр: 0x08 0x00
  Размер: 0x03 0x00
  CRC: 0x00
  Первые 16 байт: 55550102B7660019000800030000C332
  ... и еще 94 байт

Пакет #3 [13:16:10.245]
HEX: 55550201BD0500080000660033
Длина: 13 байт
  Длина: 13 байт
  Маркер: 5555
  Адрес назначения: 0x02
  Адрес отправителя: 0x01
  Счетчик пакетов: 0xBD
  Длина пакетов: 0x05
  Функция: 0x08
  Адр: 0x00 0x00
  Размер: 0x00 0x66
  CRC: 0x33
  Первые 13 байт: 55550201BD0500080000660033

Пакет #4 [13:16:10.393]
HEX: 55550102BD660019000800030000C3320100000804000008040000000000000FF8EE47C3F8EE47C3F8EE47C3F8EE47C34AAC7F40533A803A533A803A533A803A000001424AAC7F40533A803A533A803A533A803AFDEE47C3FDEE47C3FDEE47C3FDEE47C30F0000000033AE783FF9
Длина: 110 байт
  Длина: 110 байт
  Маркер: 5555
  Адрес назначения: 0x01
  Адрес отправителя: 0x02
  Счетчик пакетов: 0xBD
  Длина пакетов: 0x66
  Функция: 0x19
  Адр: 0x08 0x00
  Размер: 0x03 0x00
  CRC: 0x00
  Первые 16 байт: 55550102BD660019000800030000C332
  ... и еще 94 байт

Пакет #5 [13:16:10.405]
HEX: 55550201C20500080000660038
Длина: 13 байт
  Длина: 13 байт
  Маркер: 5555
  Адрес назначения: 0x02
  Адрес отправителя: 0x01
  Счетчик пакетов: 0xC2
  Длина пакетов: 0x05
  Функция: 0x08
  Адр: 0x00 0x00
  Размер: 0x00 0x66
  CRC: 0x38
  Первые 13 байт: 55550201C20500080000660038

Пакет #6 [13:16:10.549]
HEX: 55550102C2660019000800030000C3320100000804000008040000000000000FF8EE47C3F8EE47C3F8EE47C3F8EE47C34AAC7F40533A803A533A803A533A803A000001424AAC7F40533A803A533A803A533A803AFDEE47C3FDEE47C3FDEE47C3FDEE47C30F0000000033AE783FFE
Длина: 110 байт
  Длина: 110 байт
  Маркер: 5555
  Адрес назначения: 0x01
  Адрес отправителя: 0x02
  Счетчик пакетов: 0xC2
  Длина пакетов: 0x66
  Функция: 0x19
  Адр: 0x08 0x00
  Размер: 0x03 0x00
  CRC: 0x00
  Первые 16 байт: 55550102C2660019000800030000C332
  ... и еще 94 байт

Пакет #7 [13:16:10.571]
HEX: 55550201C7050008000066003D
Длина: 13 байт
  Длина: 13 байт
  Маркер: 5555
  Адрес назначения: 0x02
  Адрес отправителя: 0x01
  Счетчик пакетов: 0xC7
  Длина пакетов: 0x05
  Функция: 0x08
  Адр: 0x00 0x00
  Размер: 0x00 0x66
  CRC: 0x3D
  Первые 13 байт: 55550201C7050008000066003D

Пакет #8 [13:16:10.719]
HEX: 55550102C7660019000800030000C3320100000804000008040000000000000FF8EE47C3F8EE47C3F8EE47C3F8EE47C344B47F404E3A803A4E3A803A4E3A003A0000014244B47F404E3A803A4E3A803A4E3A003AFDEE47C3FDEE47C3FDEE47C3FDEE47C30F000000002AAE783FE0
Длина: 110 байт
  Длина: 110 байт
  Маркер: 5555
  Адрес назначения: 0x01
  Адрес отправителя: 0x02
  Счетчик пакетов: 0xC7
  Длина пакетов: 0x66
  Функция: 0x19
  Адр: 0x08 0x00
  Размер: 0x03 0x00
  CRC: 0x00
  Первые 16 байт: 55550102C7660019000800030000C332
  ... и еще 94 байт

Пакет #9 [13:16:10.730]
HEX: 55550201CB0500080000660041
Длина: 13 байт
  Длина: 13 байт
  Маркер: 5555
  Адрес назначения: 0x02
  Адрес отправителя: 0x01
  Счетчик пакетов: 0xCB
  Длина пакетов: 0x05
  Функция: 0x08
  Адр: 0x00 0x00
  Размер: 0x00 0x66
  CRC: 0x41
  Первые 13 байт: 55550201CB0500080000660041

Пакет #10 [13:16:10.875]
HEX: 55550102CB660019000800030000C3320100000804000008040000000000000FF8EE47C3F8EE47C3F8EE47C3F8EE47C344B47F404E3A803A4E3A803A4E3A003A0000014244B47F404E3A803A4E3A803A4E3A003AFDEE47C3FDEE47C3FDEE47C3FDEE47C30F000000002AAE783FE4
Длина: 110 байт
  Длина: 110 байт
  Маркер: 5555
  Адрес назначения: 0x01
  Адрес отправителя: 0x02
  Счетчик пакетов: 0xCB
  Длина пакетов: 0x66
  Функция: 0x19
  Адр: 0x08 0x00
  Размер: 0x03 0x00
  CRC: 0x00
  Первые 16 байт: 55550102CB660019000800030000C332
  ... и еще 94 байт

Пакет #11 [13:16:10.886]
HEX: 55550201D20500080000660048
Длина: 13 байт
  Длина: 13 байт
  Маркер: 5555
  Адрес назначения: 0x02
  Адрес отправителя: 0x01
  Счетчик пакетов: 0xD2
  Длина пакетов: 0x05
  Функция: 0x08
  Адр: 0x00 0x00
  Размер: 0x00 0x66
  CRC: 0x48
  Первые 13 байт: 55550201D20500080000660048

Пакет #12 [13:16:11.039]
HEX: 55550102D2660019000800030000C3320100000804000008040000000000000FF8EE47C3F8EE47C3F8EE47C3F8EE47C344B47F404E3A803A4E3A803A4E3A003A0000014244B47F404E3A803A4E3A803A4E3A003AFDEE47C3FDEE47C3FDEE47C3FDEE47C30F000000002AAE783FEB
Длина: 110 байт
  Длина: 110 байт
  Маркер: 5555
  Адрес назначения: 0x01
  Адрес отправителя: 0x02
  Счетчик пакетов: 0xD2
  Длина пакетов: 0x66
  Функция: 0x19
  Адр: 0x08 0x00
  Размер: 0x03 0x00
  CRC: 0x00
  Первые 16 байт: 55550102D2660019000800030000C332
  ... и еще 94 байт

Пакет #13 [13:16:11.056]
HEX: 55550201D7050008000066004D
Длина: 13 байт
  Длина: 13 байт
  Маркер: 5555
  Адрес назначения: 0x02
  Адрес отправителя: 0x01
  Счетчик пакетов: 0xD7
  Длина пакетов: 0x05
  Функция: 0x08
  Адр: 0x00 0x00
  Размер: 0x00 0x66
  CRC: 0x4D
  Первые 13 байт: 55550201D7050008000066004D

Пакет #14 [13:16:11.200]
HEX: 55550102D7660019000800030000C4320100000804000008040000000000000FF8EE47C3F8EE47C3F8EE47C3F8EE47C33CAC7F404B3A803A4B3A803A4B3A803A000001423CAC7F404B3A803A4B3A803A4B3A803AFDEE47C3FDEE47C3FDEE47C3FDEE47C30F0000000025AE783FBA
Длина: 110 байт
  Длина: 110 байт
  Маркер: 5555
  Адрес назначения: 0x01
  Адрес отправителя: 0x02
  Счетчик пакетов: 0xD7
  Длина пакетов: 0x66
  Функция: 0x19
  Адр: 0x08 0x00
  Размер: 0x03 0x00
  CRC: 0x00
  Первые 16 байт: 55550102D7660019000800030000C432
  ... и еще 94 байт

Пакет #15 [13:16:11.215]
HEX: 55550201DB0500080000660051
Длина: 13 байт
  Длина: 13 байт
  Маркер: 5555
  Адрес назначения: 0x02
  Адрес отправителя: 0x01
  Счетчик пакетов: 0xDB
  Длина пакетов: 0x05
  Функция: 0x08
  Адр: 0x00 0x00
  Размер: 0x00 0x66
  CRC: 0x51
  Первые 13 байт: 55550201DB0500080000660051

Пакет #16 [13:16:11.350]
HEX: 55550102DB660019000800030000C4320100000804000008040000000000000FF8EE47C3F8EE47C3F8EE47C3F8EE47C33CAC7F404B3A803A4B3A803A4B3A803A000001423CAC7F404B3A803A4B3A803A4B3A803AFDEE47C3FDEE47C3FDEE47C3FDEE47C30F0000000025AE783FBE
Длина: 110 байт
  Длина: 110 байт
  Маркер: 5555
  Адрес назначения: 0x01
  Адрес отправителя: 0x02
  Счетчик пакетов: 0xDB
  Длина пакетов: 0x66
  Функция: 0x19
  Адр: 0x08 0x00
  Размер: 0x03 0x00
  CRC: 0x00
  Первые 16 байт: 55550102DB660019000800030000C432
  ... и еще 94 байт
======================================================================
ЗАВЕРШЕНИЕ СНИФФИНГА
Всего пакетов: 17
Время: 2026-08-12 13:16:11
Лог-файл: logs\sniff_20260812_131610.log
======================================================================
