======================================================================
СНИФФИНГ ПРОТОКОЛА (поиск маркера)
Порт: COM5
Скорость: 57600
Маркер: 5555
Начало: 2026-08-13 11:45:03
======================================================================

Пакет #1 [11:45:03.373]
HEX: 5555FF017A0500080000C4004B
Длина: 13 байт
  Длина: 13 байт
  Первые 13 байт: 5555FF017A0500080000C4004B
  куда: 0xFF, от кого: 0x01, счет: 0x7A, Дл дан: 0x05
  data: 0x08 00 00 C4 00
  Первые 13 байт: 5555FF017A0500080000C4004B

Пакет #2 [11:45:03.386]
HEX: 555501FF7AC40006000F00020000730D000000000000000000000000000000000000
Длина: 34 байт
  Длина: 34 байт
  Первые 16 байт: 555501FF7AC40006000F00020000730D
  куда: 0x01, от кого: 0xFF, счет: 0x7A, Дл дан: 0xC4
  data: 0x06 00 0F 00 02
  Первые 16 байт: 555501FF7AC40006000F00020000730D
  ... и еще 18 байт
