======================================================================
СНИФФИНГ ПРОТОКОЛА (поиск маркера)
Порт: COM5
Скорость: 57600
Маркер: 5555
Начало: 2026-08-11 16:17:58
======================================================================

Пакет #1 [16:18:18.411]
HEX: 555502123F05000800FD4400A1
Длина: 13 байт
  Длина: 13 байт
  Маркер: 5555
  Адрес назначения: 0x02
  Адрес отправителя: 0x12
  Первые 13 байт: 555502123F05000800FD4400A1

Пакет #2 [16:18:18.570]
HEX: 555502124005000800FD4400A2
Длина: 13 байт
  Длина: 13 байт
  Маркер: 5555
  Адрес назначения: 0x02
  Адрес отправителя: 0x12
  Первые 13 байт: 555502124005000800FD4400A2

Пакет #3 [16:18:18.719]
HEX: 555502124105000800FD4400A3
Длина: 13 байт
  Длина: 13 байт
  Маркер: 5555
  Адрес назначения: 0x02
  Адрес отправителя: 0x12
  Первые 13 байт: 555502124105000800FD4400A3

Пакет #4 [16:18:18.867]
HEX: 555502124205000800FD4400A4
Длина: 13 байт
  Длина: 13 байт
  Маркер: 5555
  Адрес назначения: 0x02
  Адрес отправителя: 0x12
  Первые 13 байт: 555502124205000800FD4400A4

Пакет #5 [16:18:19.016]
HEX: 555502124305000800FD4400A5
Длина: 13 байт
  Длина: 13 байт
  Маркер: 5555
  Адрес назначения: 0x02
  Адрес отправителя: 0x12
  Первые 13 байт: 555502124305000800FD4400A5

Пакет #6 [16:18:19.164]
HEX: 555502124405000800FD4400A6
Длина: 13 байт
  Длина: 13 байт
  Маркер: 5555
  Адрес назначения: 0x02
  Адрес отправителя: 0x12
  Первые 13 байт: 555502124405000800FD4400A6

Пакет #7 [16:18:19.321]
HEX: 555502124505000800FD4400A7
Длина: 13 байт
  Длина: 13 байт
  Маркер: 5555
  Адрес назначения: 0x02
  Адрес отправителя: 0x12
  Первые 13 байт: 555502124505000800FD4400A7

Пакет #8 [16:18:19.469]
HEX: 555502124605000800FD4400A8
Длина: 13 байт
  Длина: 13 байт
  Маркер: 5555
  Адрес назначения: 0x02
  Адрес отправителя: 0x12
  Первые 13 байт: 555502124605000800FD4400A8

Пакет #9 [16:18:19.617]
HEX: 555502124705000800FD4400A9
Длина: 13 байт
  Длина: 13 байт
  Маркер: 5555
  Адрес назначения: 0x02
  Адрес отправителя: 0x12
  Первые 13 байт: 555502124705000800FD4400A9

Пакет #10 [16:18:19.775]
HEX: 555502124805000800FD4400AA
Длина: 13 байт
  Длина: 13 байт
  Маркер: 5555
  Адрес назначения: 0x02
  Адрес отправителя: 0x12
  Первые 13 байт: 555502124805000800FD4400AA

Пакет #11 [16:18:19.922]
HEX: 555502124905000800FD4400AB
Длина: 13 байт
  Длина: 13 байт
  Маркер: 5555
  Адрес назначения: 0x02
  Адрес отправителя: 0x12
  Первые 13 байт: 555502124905000800FD4400AB

Пакет #12 [16:18:20.080]
HEX: 555502124A05000800FD4400AC
Длина: 13 байт
  Длина: 13 байт
  Маркер: 5555
  Адрес назначения: 0x02
  Адрес отправителя: 0x12
  Первые 13 байт: 555502124A05000800FD4400AC

Пакет #13 [16:18:20.228]
HEX: 555502124B05000800FD4400AD
Длина: 13 байт
  Длина: 13 байт
  Маркер: 5555
  Адрес назначения: 0x02
  Адрес отправителя: 0x12
  Первые 13 байт: 555502124B05000800FD4400AD

Пакет #14 [16:18:20.375]
HEX: 555502124C05000800FD4400AE
Длина: 13 байт
  Длина: 13 байт
  Маркер: 5555
  Адрес назначения: 0x02
  Адрес отправителя: 0x12
  Первые 13 байт: 555502124C05000800FD4400AE

Пакет #15 [16:18:20.525]
HEX: 555502124D05000800FD4400AF
Длина: 13 байт
  Длина: 13 байт
  Маркер: 5555
  Адрес назначения: 0x02
  Адрес отправителя: 0x12
  Первые 13 байт: 555502124D05000800FD4400AF

Пакет #16 [16:18:20.682]
HEX: 555502124E05000800FD4400B0
Длина: 13 байт
  Длина: 13 байт
  Маркер: 5555
  Адрес назначения: 0x02
  Адрес отправителя: 0x12
  Первые 13 байт: 555502124E05000800FD4400B0

Пакет #17 [16:18:20.831]
HEX: 555502124F05000800FD4400B1
Длина: 13 байт
  Длина: 13 байт
  Маркер: 5555
  Адрес назначения: 0x02
  Адрес отправителя: 0x12
  Первые 13 байт: 555502124F05000800FD4400B1

Пакет #18 [16:18:20.979]
HEX: 555502125005000800FD4400B2
Длина: 13 байт
  Длина: 13 байт
  Маркер: 5555
  Адрес назначения: 0x02
  Адрес отправителя: 0x12
  Первые 13 байт: 555502125005000800FD4400B2

Пакет #19 [16:18:21.137]
HEX: 555502125105000800FD4400B3
Длина: 13 байт
  Длина: 13 байт
  Маркер: 5555
  Адрес назначения: 0x02
  Адрес отправителя: 0x12
  Первые 13 байт: 555502125105000800FD4400B3

Пакет #20 [16:18:21.285]
HEX: 555502125205000800FD4400B4
Длина: 13 байт
  Длина: 13 байт
  Маркер: 5555
  Адрес назначения: 0x02
  Адрес отправителя: 0x12
  Первые 13 байт: 555502125205000800FD4400B4

Пакет #21 [16:18:21.433]
HEX: 555502125305000800FD4400B5
Длина: 13 байт
  Длина: 13 байт
  Маркер: 5555
  Адрес назначения: 0x02
  Адрес отправителя: 0x12
  Первые 13 байт: 555502125305000800FD4400B5

Пакет #22 [16:18:21.581]
HEX: 555502125405000800FD4400B6
Длина: 13 байт
  Длина: 13 байт
  Маркер: 5555
  Адрес назначения: 0x02
  Адрес отправителя: 0x12
  Первые 13 байт: 555502125405000800FD4400B6

Пакет #23 [16:18:21.739]
HEX: 555502125505000800FD4400B7
Длина: 13 байт
  Длина: 13 байт
  Маркер: 5555
  Адрес назначения: 0x02
  Адрес отправителя: 0x12
  Первые 13 байт: 555502125505000800FD4400B7

Пакет #24 [16:18:21.887]
HEX: 555502125605000800FD4400B8
Длина: 13 байт
  Длина: 13 байт
  Маркер: 5555
  Адрес назначения: 0x02
  Адрес отправителя: 0x12
  Первые 13 байт: 555502125605000800FD4400B8

Пакет #25 [16:18:22.036]
HEX: 555502125705000800FD4400B9
Длина: 13 байт
  Длина: 13 байт
  Маркер: 5555
  Адрес назначения: 0x02
  Адрес отправителя: 0x12
  Первые 13 байт: 555502125705000800FD4400B9

Пакет #26 [16:18:22.193]
HEX: 555502125805000800FD4400BA
Длина: 13 байт
  Длина: 13 байт
  Маркер: 5555
  Адрес назначения: 0x02
  Адрес отправителя: 0x12
  Первые 13 байт: 555502125805000800FD4400BA

Пакет #27 [16:18:22.338]
HEX: 555502125905000800FD4400BB
Длина: 13 байт
  Длина: 13 байт
  Маркер: 5555
  Адрес назначения: 0x02
  Адрес отправителя: 0x12
  Первые 13 байт: 555502125905000800FD4400BB

Пакет #28 [16:18:22.496]
HEX: 555502125A05000800FD4400BC
Длина: 13 байт
  Длина: 13 байт
  Маркер: 5555
  Адрес назначения: 0x02
  Адрес отправителя: 0x12
  Первые 13 байт: 555502125A05000800FD4400BC

Пакет #29 [16:18:22.644]
HEX: 555502125B05000800FD4400BD
Длина: 13 байт
  Длина: 13 байт
  Маркер: 5555
  Адрес назначения: 0x02
  Адрес отправителя: 0x12
  Первые 13 байт: 555502125B05000800FD4400BD

Пакет #30 [16:18:22.750]
HEX: 555502125C05000800FD4400BE
Длина: 13 байт
  Длина: 13 байт
  Маркер: 5555
  Адрес назначения: 0x02
  Адрес отправителя: 0x12
  Первые 13 байт: 555502125C05000800FD4400BE

Пакет #31 [16:18:22.846]
HEX: 555502125D04000900FD017C
Длина: 12 байт
  Длина: 12 байт
  Маркер: 5555
  Адрес назначения: 0x02
  Адрес отправителя: 0x12
  Первые 12 байт: 555502125D04000900FD017C

Пакет #32 [16:18:23.003]
HEX: 555502125E05000800FD4400C0
Длина: 13 байт
  Длина: 13 байт
  Маркер: 5555
  Адрес назначения: 0x02
  Адрес отправителя: 0x12
  Первые 13 байт: 555502125E05000800FD4400C0

Пакет #33 [16:18:23.151]
HEX: 555502125F05000800FD4400C1
Длина: 13 байт
  Длина: 13 байт
  Маркер: 5555
  Адрес назначения: 0x02
  Адрес отправителя: 0x12
  Первые 13 байт: 555502125F05000800FD4400C1

Пакет #34 [16:18:23.298]
HEX: 555502126005000800FD4400C2
Длина: 13 байт
  Длина: 13 байт
  Маркер: 5555
  Адрес назначения: 0x02
  Адрес отправителя: 0x12
  Первые 13 байт: 555502126005000800FD4400C2

Пакет #35 [16:18:23.457]
HEX: 555502126105000800FD4400C3
Длина: 13 байт
  Длина: 13 байт
  Маркер: 5555
  Адрес назначения: 0x02
  Адрес отправителя: 0x12
  Первые 13 байт: 555502126105000800FD4400C3

Пакет #36 [16:18:23.605]
HEX: 555502126205000800FD4400C4
Длина: 13 байт
  Длина: 13 байт
  Маркер: 5555
  Адрес назначения: 0x02
  Адрес отправителя: 0x12
  Первые 13 байт: 555502126205000800FD4400C4

Пакет #37 [16:18:23.753]
HEX: 555502126305000800FD4400C5
Длина: 13 байт
  Длина: 13 байт
  Маркер: 5555
  Адрес назначения: 0x02
  Адрес отправителя: 0x12
  Первые 13 байт: 555502126305000800FD4400C5

Пакет #38 [16:18:23.902]
HEX: 555502126405000800FD4400C6
Длина: 13 байт
  Длина: 13 байт
  Маркер: 5555
  Адрес назначения: 0x02
  Адрес отправителя: 0x12
  Первые 13 байт: 555502126405000800FD4400C6

Пакет #39 [16:18:24.060]
HEX: 555502126505000800FD4400C7
Длина: 13 байт
  Длина: 13 байт
  Маркер: 5555
  Адрес назначения: 0x02
  Адрес отправителя: 0x12
  Первые 13 байт: 555502126505000800FD4400C7

Пакет #40 [16:18:24.207]
HEX: 555502126605000800FD4400C8
Длина: 13 байт
  Длина: 13 байт
  Маркер: 5555
  Адрес назначения: 0x02
  Адрес отправителя: 0x12
  Первые 13 байт: 555502126605000800FD4400C8

Пакет #41 [16:18:24.355]
HEX: 555502126705000800FD4400C9
Длина: 13 байт
  Длина: 13 байт
  Маркер: 5555
  Адрес назначения: 0x02
  Адрес отправителя: 0x12
  Первые 13 байт: 555502126705000800FD4400C9

Пакет #42 [16:18:24.463]
HEX: 555502126805000800FD4400CA
Длина: 13 байт
  Длина: 13 байт
  Маркер: 5555
  Адрес назначения: 0x02
  Адрес отправителя: 0x12
  Первые 13 байт: 555502126805000800FD4400CA

Пакет #43 [16:18:24.558]
HEX: 555502126904000900FD0188
Длина: 12 байт
  Длина: 12 байт
  Маркер: 5555
  Адрес назначения: 0x02
  Адрес отправителя: 0x12
  Первые 12 байт: 555502126904000900FD0188

Пакет #44 [16:18:24.704]
HEX: 555502126A05000800FD4400CC
Длина: 13 байт
  Длина: 13 байт
  Маркер: 5555
  Адрес назначения: 0x02
  Адрес отправителя: 0x12
  Первые 13 байт: 555502126A05000800FD4400CC

Пакет #45 [16:18:24.821]
HEX: 555502126B05000800FD4400CD
Длина: 13 байт
  Длина: 13 байт
  Маркер: 5555
  Адрес назначения: 0x02
  Адрес отправителя: 0x12
  Первые 13 байт: 555502126B05000800FD4400CD

Пакет #46 [16:18:24.916]
HEX: 555502126C04000900FD018B
Длина: 12 байт
  Длина: 12 байт
  Маркер: 5555
  Адрес назначения: 0x02
  Адрес отправителя: 0x12
  Первые 12 байт: 555502126C04000900FD018B

Пакет #47 [16:18:25.074]
HEX: 555502126D05000800FD4400CF
Длина: 13 байт
  Длина: 13 байт
  Маркер: 5555
  Адрес назначения: 0x02
  Адрес отправителя: 0x12
  Первые 13 байт: 555502126D05000800FD4400CF

Пакет #48 [16:18:25.205]
HEX: 555502126E05000800FD4400D0
Длина: 13 байт
  Длина: 13 байт
  Маркер: 5555
  Адрес назначения: 0x02
  Адрес отправителя: 0x12
  Первые 13 байт: 555502126E05000800FD4400D0

Пакет #49 [16:18:25.268]
HEX: 555502126F04000900FD018E
Длина: 12 байт
  Длина: 12 байт
  Маркер: 5555
  Адрес назначения: 0x02
  Адрес отправителя: 0x12
  Первые 12 байт: 555502126F04000900FD018E

Пакет #50 [16:18:25.426]
HEX: 555502127005000800FD4400D2
Длина: 13 байт
  Длина: 13 байт
  Маркер: 5555
  Адрес назначения: 0x02
  Адрес отправителя: 0x12
  Первые 13 байт: 555502127005000800FD4400D2

Пакет #51 [16:18:25.576]
HEX: 555502127105000800FD4400D3
Длина: 13 байт
  Длина: 13 байт
  Маркер: 5555
  Адрес назначения: 0x02
  Адрес отправителя: 0x12
  Первые 13 байт: 555502127105000800FD4400D3

Пакет #52 [16:18:25.671]
HEX: 555502127205000800FD4400D4
Длина: 13 байт
  Длина: 13 байт
  Маркер: 5555
  Адрес назначения: 0x02
  Адрес отправителя: 0x12
  Первые 13 байт: 555502127205000800FD4400D4

Пакет #53 [16:18:25.767]
HEX: 555502127304000900FD0192
Длина: 12 байт
  Длина: 12 байт
  Маркер: 5555
  Адрес назначения: 0x02
  Адрес отправителя: 0x12
  Первые 12 байт: 555502127304000900FD0192

Пакет #54 [16:18:25.926]
HEX: 555502127405000800FD4400D6
Длина: 13 байт
  Длина: 13 байт
  Маркер: 5555
  Адрес назначения: 0x02
  Адрес отправителя: 0x12
  Первые 13 байт: 555502127405000800FD4400D6

Пакет #55 [16:18:26.073]
HEX: 555502127505000800FD4400D7
Длина: 13 байт
  Длина: 13 байт
  Маркер: 5555
  Адрес назначения: 0x02
  Адрес отправителя: 0x12
  Первые 13 байт: 555502127505000800FD4400D7

Пакет #56 [16:18:26.222]
HEX: 555502127605000800FD4400D8
Длина: 13 байт
  Длина: 13 байт
  Маркер: 5555
  Адрес назначения: 0x02
  Адрес отправителя: 0x12
  Первые 13 байт: 555502127605000800FD4400D8

Пакет #57 [16:18:26.371]
HEX: 555502127705000800FD4400D9
Длина: 13 байт
  Длина: 13 байт
  Маркер: 5555
  Адрес назначения: 0x02
  Адрес отправителя: 0x12
  Первые 13 байт: 555502127705000800FD4400D9

Пакет #58 [16:18:26.530]
HEX: 555502127805000800FD4400DA
Длина: 13 байт
  Длина: 13 байт
  Маркер: 5555
  Адрес назначения: 0x02
  Адрес отправителя: 0x12
  Первые 13 байт: 555502127805000800FD4400DA

Пакет #59 [16:18:26.677]
HEX: 555502127905000800FD4400DB
Длина: 13 байт
  Длина: 13 байт
  Маркер: 5555
  Адрес назначения: 0x02
  Адрес отправителя: 0x12
  Первые 13 байт: 555502127905000800FD4400DB

Пакет #60 [16:18:26.825]
HEX: 555502127A05000800FD4400DC
Длина: 13 байт
  Длина: 13 байт
  Маркер: 5555
  Адрес назначения: 0x02
  Адрес отправителя: 0x12
  Первые 13 байт: 555502127A05000800FD4400DC

Пакет #61 [16:18:26.984]
HEX: 555502127B05000800FD4400DD
Длина: 13 байт
  Длина: 13 байт
  Маркер: 5555
  Адрес назначения: 0x02
  Адрес отправителя: 0x12
  Первые 13 байт: 555502127B05000800FD4400DD

Пакет #62 [16:18:27.134]
HEX: 555502127C05000800FD4400DE
Длина: 13 байт
  Длина: 13 байт
  Маркер: 5555
  Адрес назначения: 0x02
  Адрес отправителя: 0x12
  Первые 13 байт: 555502127C05000800FD4400DE

Пакет #63 [16:18:27.228]
HEX: 555502127D05000800FD4400DF
Длина: 13 байт
  Длина: 13 байт
  Маркер: 5555
  Адрес назначения: 0x02
  Адрес отправителя: 0x12
  Первые 13 байт: 555502127D05000800FD4400DF

Пакет #64 [16:18:27.333]
HEX: 555502127E04000900FD029E
Длина: 12 байт
  Длина: 12 байт
  Маркер: 5555
  Адрес назначения: 0x02
  Адрес отправителя: 0x12
  Первые 12 байт: 555502127E04000900FD029E
======================================================================
ЗАВЕРШЕНИЕ СНИФФИНГА
Всего пакетов: 64
Время: 2026-08-11 16:42:18
Лог-файл: logs\sniff_20260811_161758.log
======================================================================
