======================================================================
СНИФФИНГ ПРОТОКОЛА (поиск маркера)
Порт: COM5
Скорость: 57600
Маркер: 5555
Начало: 2026-08-11 16:42:19
======================================================================

Пакет #1 [16:42:38.646]
HEX: 555503128005000800FD4400E3
Длина: 13 байт
  Длина: 13 байт
  Маркер: 5555
  Адрес назначения: 0x03
  Адрес отправителя: 0x12
  Счетчик пакетов: 0x80
  Длина пакетов: 0x05
  Функция: 0x08
  Адр: 0xFD 0x00
  Размер: 0x00 0x44
  CRC: 0xE3
  Первые 13 байт: 555503128005000800FD4400E3

Пакет #2 [16:42:38.793]
HEX: 555503128105000800FD4400E4
Длина: 13 байт
  Длина: 13 байт
  Маркер: 5555
  Адрес назначения: 0x03
  Адрес отправителя: 0x12
  Счетчик пакетов: 0x81
  Длина пакетов: 0x05
  Функция: 0x08
  Адр: 0xFD 0x00
  Размер: 0x00 0x44
  CRC: 0xE4
  Первые 13 байт: 555503128105000800FD4400E4

Пакет #3 [16:42:38.942]
HEX: 555503128205000800FD4400E5
Длина: 13 байт
  Длина: 13 байт
  Маркер: 5555
  Адрес назначения: 0x03
  Адрес отправителя: 0x12
  Счетчик пакетов: 0x82
  Длина пакетов: 0x05
  Функция: 0x08
  Адр: 0xFD 0x00
  Размер: 0x00 0x44
  CRC: 0xE5
  Первые 13 байт: 555503128205000800FD4400E5

Пакет #4 [16:42:39.101]
HEX: 555503128305000800FD4400E6
Длина: 13 байт
  Длина: 13 байт
  Маркер: 5555
  Адрес назначения: 0x03
  Адрес отправителя: 0x12
  Счетчик пакетов: 0x83
  Длина пакетов: 0x05
  Функция: 0x08
  Адр: 0xFD 0x00
  Размер: 0x00 0x44
  CRC: 0xE6
  Первые 13 байт: 555503128305000800FD4400E6

Пакет #5 [16:42:39.250]
HEX: 555503128405000800FD4400E7
Длина: 13 байт
  Длина: 13 байт
  Маркер: 5555
  Адрес назначения: 0x03
  Адрес отправителя: 0x12
  Счетчик пакетов: 0x84
  Длина пакетов: 0x05
  Функция: 0x08
  Адр: 0xFD 0x00
  Размер: 0x00 0x44
  CRC: 0xE7
  Первые 13 байт: 555503128405000800FD4400E7

Пакет #6 [16:42:39.398]
HEX: 555503128505000800FD4400E8
Длина: 13 байт
  Длина: 13 байт
  Маркер: 5555
  Адрес назначения: 0x03
  Адрес отправителя: 0x12
  Счетчик пакетов: 0x85
  Длина пакетов: 0x05
  Функция: 0x08
  Адр: 0xFD 0x00
  Размер: 0x00 0x44
  CRC: 0xE8
  Первые 13 байт: 555503128505000800FD4400E8

Пакет #7 [16:42:39.556]
HEX: 555503128605000800FD4400E9
Длина: 13 байт
  Длина: 13 байт
  Маркер: 5555
  Адрес назначения: 0x03
  Адрес отправителя: 0x12
  Счетчик пакетов: 0x86
  Длина пакетов: 0x05
  Функция: 0x08
  Адр: 0xFD 0x00
  Размер: 0x00 0x44
  CRC: 0xE9
  Первые 13 байт: 555503128605000800FD4400E9

Пакет #8 [16:42:39.704]
HEX: 555503128705000800FD4400EA
Длина: 13 байт
  Длина: 13 байт
  Маркер: 5555
  Адрес назначения: 0x03
  Адрес отправителя: 0x12
  Счетчик пакетов: 0x87
  Длина пакетов: 0x05
  Функция: 0x08
  Адр: 0xFD 0x00
  Размер: 0x00 0x44
  CRC: 0xEA
  Первые 13 байт: 555503128705000800FD4400EA

Пакет #9 [16:42:39.851]
HEX: 555503128805000800FD4400EB
Длина: 13 байт
  Длина: 13 байт
  Маркер: 5555
  Адрес назначения: 0x03
  Адрес отправителя: 0x12
  Счетчик пакетов: 0x88
  Длина пакетов: 0x05
  Функция: 0x08
  Адр: 0xFD 0x00
  Размер: 0x00 0x44
  CRC: 0xEB
  Первые 13 байт: 555503128805000800FD4400EB

Пакет #10 [16:42:39.999]
HEX: 555503128905000800FD4400EC
Длина: 13 байт
  Длина: 13 байт
  Маркер: 5555
  Адрес назначения: 0x03
  Адрес отправителя: 0x12
  Счетчик пакетов: 0x89
  Длина пакетов: 0x05
  Функция: 0x08
  Адр: 0xFD 0x00
  Размер: 0x00 0x44
  CRC: 0xEC
  Первые 13 байт: 555503128905000800FD4400EC

Пакет #11 [16:42:40.157]
HEX: 555503128A05000800FD4400ED
Длина: 13 байт
  Длина: 13 байт
  Маркер: 5555
  Адрес назначения: 0x03
  Адрес отправителя: 0x12
  Счетчик пакетов: 0x8A
  Длина пакетов: 0x05
  Функция: 0x08
  Адр: 0xFD 0x00
  Размер: 0x00 0x44
  CRC: 0xED
  Первые 13 байт: 555503128A05000800FD4400ED

Пакет #12 [16:42:40.304]
HEX: 555503128B05000800FD4400EE
Длина: 13 байт
  Длина: 13 байт
  Маркер: 5555
  Адрес назначения: 0x03
  Адрес отправителя: 0x12
  Счетчик пакетов: 0x8B
  Длина пакетов: 0x05
  Функция: 0x08
  Адр: 0xFD 0x00
  Размер: 0x00 0x44
  CRC: 0xEE
  Первые 13 байт: 555503128B05000800FD4400EE

Пакет #13 [16:42:40.454]
HEX: 555503128C05000800FD4400EF
Длина: 13 байт
  Длина: 13 байт
  Маркер: 5555
  Адрес назначения: 0x03
  Адрес отправителя: 0x12
  Счетчик пакетов: 0x8C
  Длина пакетов: 0x05
  Функция: 0x08
  Адр: 0xFD 0x00
  Размер: 0x00 0x44
  CRC: 0xEF
  Первые 13 байт: 555503128C05000800FD4400EF

Пакет #14 [16:42:40.602]
HEX: 555503128D05000800FD4400F0
Длина: 13 байт
  Длина: 13 байт
  Маркер: 5555
  Адрес назначения: 0x03
  Адрес отправителя: 0x12
  Счетчик пакетов: 0x8D
  Длина пакетов: 0x05
  Функция: 0x08
  Адр: 0xFD 0x00
  Размер: 0x00 0x44
  CRC: 0xF0
  Первые 13 байт: 555503128D05000800FD4400F0

Пакет #15 [16:42:40.761]
HEX: 555503128E05000800FD4400F1
Длина: 13 байт
  Длина: 13 байт
  Маркер: 5555
  Адрес назначения: 0x03
  Адрес отправителя: 0x12
  Счетчик пакетов: 0x8E
  Длина пакетов: 0x05
  Функция: 0x08
  Адр: 0xFD 0x00
  Размер: 0x00 0x44
  CRC: 0xF1
  Первые 13 байт: 555503128E05000800FD4400F1

Пакет #16 [16:42:40.909]
HEX: 555503128F05000800FD4400F2
Длина: 13 байт
  Длина: 13 байт
  Маркер: 5555
  Адрес назначения: 0x03
  Адрес отправителя: 0x12
  Счетчик пакетов: 0x8F
  Длина пакетов: 0x05
  Функция: 0x08
  Адр: 0xFD 0x00
  Размер: 0x00 0x44
  CRC: 0xF2
  Первые 13 байт: 555503128F05000800FD4400F2

Пакет #17 [16:42:41.058]
HEX: 555503129005000800FD4400F3
Длина: 13 байт
  Длина: 13 байт
  Маркер: 5555
  Адрес назначения: 0x03
  Адрес отправителя: 0x12
  Счетчик пакетов: 0x90
  Длина пакетов: 0x05
  Функция: 0x08
  Адр: 0xFD 0x00
  Размер: 0x00 0x44
  CRC: 0xF3
  Первые 13 байт: 555503129005000800FD4400F3

Пакет #18 [16:42:41.215]
HEX: 555503129105000800FD4400F4
Длина: 13 байт
  Длина: 13 байт
  Маркер: 5555
  Адрес назначения: 0x03
  Адрес отправителя: 0x12
  Счетчик пакетов: 0x91
  Длина пакетов: 0x05
  Функция: 0x08
  Адр: 0xFD 0x00
  Размер: 0x00 0x44
  CRC: 0xF4
  Первые 13 байт: 555503129105000800FD4400F4

Пакет #19 [16:42:41.363]
HEX: 555503129205000800FD4400F5
Длина: 13 байт
  Длина: 13 байт
  Маркер: 5555
  Адрес назначения: 0x03
  Адрес отправителя: 0x12
  Счетчик пакетов: 0x92
  Длина пакетов: 0x05
  Функция: 0x08
  Адр: 0xFD 0x00
  Размер: 0x00 0x44
  CRC: 0xF5
  Первые 13 байт: 555503129205000800FD4400F5

Пакет #20 [16:42:41.511]
HEX: 555503129305000800FD4400F6
Длина: 13 байт
  Длина: 13 байт
  Маркер: 5555
  Адрес назначения: 0x03
  Адрес отправителя: 0x12
  Счетчик пакетов: 0x93
  Длина пакетов: 0x05
  Функция: 0x08
  Адр: 0xFD 0x00
  Размер: 0x00 0x44
  CRC: 0xF6
  Первые 13 байт: 555503129305000800FD4400F6

Пакет #21 [16:42:41.669]
HEX: 555503129405000800FD4400F7
Длина: 13 байт
  Длина: 13 байт
  Маркер: 5555
  Адрес назначения: 0x03
  Адрес отправителя: 0x12
  Счетчик пакетов: 0x94
  Длина пакетов: 0x05
  Функция: 0x08
  Адр: 0xFD 0x00
  Размер: 0x00 0x44
  CRC: 0xF7
  Первые 13 байт: 555503129405000800FD4400F7

Пакет #22 [16:42:41.817]
HEX: 555503129505000800FD4400F8
Длина: 13 байт
  Длина: 13 байт
  Маркер: 5555
  Адрес назначения: 0x03
  Адрес отправителя: 0x12
  Счетчик пакетов: 0x95
  Длина пакетов: 0x05
  Функция: 0x08
  Адр: 0xFD 0x00
  Размер: 0x00 0x44
  CRC: 0xF8
  Первые 13 байт: 555503129505000800FD4400F8

Пакет #23 [16:42:41.955]
HEX: 555503129605000800FD4400F9
Длина: 13 байт
  Длина: 13 байт
  Маркер: 5555
  Адрес назначения: 0x03
  Адрес отправителя: 0x12
  Счетчик пакетов: 0x96
  Длина пакетов: 0x05
  Функция: 0x08
  Адр: 0xFD 0x00
  Размер: 0x00 0x44
  CRC: 0xF9
  Первые 13 байт: 555503129605000800FD4400F9
======================================================================
ЗАВЕРШЕНИЕ СНИФФИНГА
Всего пакетов: 24
Время: 2026-08-11 16:42:42
Лог-файл: logs\sniff_20260811_164219.log
======================================================================
