======================================================================
СНИФФИНГ ПРОТОКОЛА (поиск маркера)
Порт: COM5
Скорость: 57600
Маркер: 5555
Начало: 2026-08-13 10:49:24
======================================================================

Пакет #1 [10:49:24.031]
HEX: 5555
Длина: 2 байт
  Длина: 2 байт
  Первые 2 байт: 5555

Пакет #2 [10:49:24.064]
HEX: 5555D54000000000340C0000FFFFFFFFFFFF87802A0118010000CAAF270120030000F7C902005E03000089010000880111
Длина: 49 байт
  Длина: 49 байт
  Маркер: 5555
  Адрес назначения: 0xD5
  Адрес отправителя: 0x40
  Счетчик пакетов: 0x00
  Длина пакетов: 0x00
  Функция: 0x00
  Адр: 0x0C 0x34
  Размер: 0x00 0x00
  CRC: 0xFF
  Первые 16 байт: 5555D54000000000340C0000FFFFFFFF
  ... и еще 33 байт

Пакет #3 [10:49:24.085]
HEX: 5555FF0103050008C4000E00E2
Длина: 13 байт
  Длина: 13 байт
  Маркер: 5555
  Адрес назначения: 0xFF
  Адрес отправителя: 0x01
  Счетчик пакетов: 0x03
  Длина пакетов: 0x05
  Функция: 0x08
  Адр: 0x00 0xC4
  Размер: 0x00 0x0E
  CRC: 0xE2
  Первые 13 байт: 5555FF0103050008C4000E00E2

Пакет #4 [10:49:24.107]
HEX: 555501FF030E00000008000000070600000000000026
Длина: 22 байт
  Длина: 22 байт
  Маркер: 5555
  Адрес назначения: 0x01
  Адрес отправителя: 0xFF
  Счетчик пакетов: 0x03
  Длина пакетов: 0x0E
  Функция: 0x00
  Адр: 0x08 0x00
  Размер: 0x00 0x00
  CRC: 0x00
  Первые 16 байт: 555501FF030E00000008000000070600
  ... и еще 6 байт

Пакет #5 [10:49:24.129]
HEX: 5555FF0104050008D200550038
Длина: 13 байт
  Длина: 13 байт
  Маркер: 5555
  Адрес назначения: 0xFF
  Адрес отправителя: 0x01
  Счетчик пакетов: 0x04
  Длина пакетов: 0x05
  Функция: 0x08
  Адр: 0x00 0xD2
  Размер: 0x00 0x55
  CRC: 0x38
  Первые 13 байт: 5555FF0104050008D200550038

Пакет #6 [10:49:24.171]
HEX: 555501FF0455001D5AE43E00000000000000000000000000000000300000001A00000007000000000000000000000000000000000000000000703E00E1023E00000C3D000000000000000000000000000000000000000000000000005B
Длина: 93 байт
  Длина: 93 байт
  Маркер: 5555
  Адрес назначения: 0x01
  Адрес отправителя: 0xFF
  Счетчик пакетов: 0x04
  Длина пакетов: 0x55
  Функция: 0x1D
  Адр: 0xE4 0x5A
  Размер: 0x00 0x3E
  CRC: 0x00
  Первые 16 байт: 555501FF0455001D5AE43E0000000000
  ... и еще 77 байт

Пакет #7 [10:49:24.192]
HEX: 5555FF0105050008270130006A
Длина: 13 байт
  Длина: 13 байт
  Маркер: 5555
  Адрес назначения: 0xFF
  Адрес отправителя: 0x01
  Счетчик пакетов: 0x05
  Длина пакетов: 0x05
  Функция: 0x08
  Адр: 0x01 0x27
  Размер: 0x00 0x30
  CRC: 0x6A
  Первые 13 байт: 5555FF0105050008270130006A

Пакет #8 [10:49:24.224]
HEX: 555501FF05300000000000000000000000000000000000000000000000000000000000000000000000000000000000000000000000000035
Длина: 56 байт
  Длина: 56 байт
  Маркер: 5555
  Адрес назначения: 0x01
  Адрес отправителя: 0xFF
  Счетчик пакетов: 0x05
  Длина пакетов: 0x30
  Функция: 0x00
  Адр: 0x00 0x00
  Размер: 0x00 0x00
  CRC: 0x00
  Первые 16 байт: 555501FF053000000000000000000000
  ... и еще 40 байт

Пакет #9 [10:49:24.235]
HEX: 5555FF010605000800207800AB
Длина: 13 байт
  Длина: 13 байт
  Маркер: 5555
  Адрес назначения: 0xFF
  Адрес отправителя: 0x01
  Счетчик пакетов: 0x06
  Длина пакетов: 0x05
  Функция: 0x08
  Адр: 0x20 0x00
  Размер: 0x00 0x78
  CRC: 0xAB
  Первые 13 байт: 5555FF010605000800207800AB

Пакет #10 [10:49:24.289]
HEX: 555501FF06780000001206000C0C0000FC1C00003C0C00000201000010410000803E000020410000A0410000E03F000050400000803F0000803F0000000002000000F000000080700000F00000003C0000008403000080700000100E000080F40300003333733F0000030000001646000002020302030004040B0B0A085802B6
Длина: 128 байт
  Длина: 128 байт
  Маркер: 5555
  Адрес назначения: 0x01
  Адрес отправителя: 0xFF
  Счетчик пакетов: 0x06
  Длина пакетов: 0x78
  Функция: 0x00
  Адр: 0x12 0x00
  Размер: 0x00 0x06
  CRC: 0x0C
  Первые 16 байт: 555501FF06780000001206000C0C0000
  ... и еще 112 байт

Пакет #11 [10:49:24.299]
HEX: 5555FF01070500087820A40050
Длина: 13 байт
  Длина: 13 байт
  Маркер: 5555
  Адрес назначения: 0xFF
  Адрес отправителя: 0x01
  Счетчик пакетов: 0x07
  Длина пакетов: 0x05
  Функция: 0x08
  Адр: 0x20 0x78
  Размер: 0x00 0xA4
  CRC: 0x50
  Первые 13 байт: 5555FF01070500087820A40050

Пакет #12 [10:49:24.362]
HEX: 555501FF07A4000101000200000000000000000000A040ABAAA64100000000000000000000A040ABAAA64100000000000000000000A0407CF0C13F00000000000000000000A0400000844100000000000000000000A0400000A04000000000000000000000A0400000A04000000000000000000000A0400000A04000000000000000000000A0410000A04100000000000000000000A0410000A0410000803F0000803F0000803F33335340D2
Длина: 172 байт
  Длина: 172 байт
  Маркер: 5555
  Адрес назначения: 0x01
  Адрес отправителя: 0xFF
  Счетчик пакетов: 0x07
  Длина пакетов: 0xA4
  Функция: 0x01
  Адр: 0x00 0x01
  Размер: 0x00 0x02
  CRC: 0x00
  Первые 16 байт: 555501FF07A400010100020000000000
  ... и еще 156 байт

Пакет #13 [10:49:24.383]
HEX: 5555FF01080500081C21F60048
Длина: 13 байт
  Длина: 13 байт
  Маркер: 5555
  Адрес назначения: 0xFF
  Адрес отправителя: 0x01
  Счетчик пакетов: 0x08
  Длина пакетов: 0x05
  Функция: 0x08
  Адр: 0x21 0x1C
  Размер: 0x00 0xF6
  CRC: 0x48
  Первые 13 байт: 5555FF01080500081C21F60048

Пакет #14 [10:49:24.457]
HEX: 555501FF08F600020405010101000000000000FA44000000000000FA44000000001F85A741000000000000FA4400000000000020410000000000002041000000000000C842000000000000C842000000000000A041000000000000A041000000000000FA44000000000000FA44000000001F85A741000000000000FA4400000000000020410000000000002041000000000000C842000000000000C842000000000000A041000000000000A041000000000000FA44000000000000FA44000000001F85A741000000000000FA4400000000000020410000000000002041000000000000C842000000000000C842000000000000A041000000000000A041A6
Длина: 254 байт
  Длина: 254 байт
  Маркер: 5555
  Адрес назначения: 0x01
  Адрес отправителя: 0xFF
  Счетчик пакетов: 0x08
  Длина пакетов: 0xF6
  Функция: 0x02
  Адр: 0x05 0x04
  Размер: 0x01 0x01
  CRC: 0x01
  Первые 16 байт: 555501FF08F600020405010101000000
  ... и еще 238 байт

Пакет #15 [10:49:24.469]
HEX: 5555FF0109050008122202004C
Длина: 13 байт
  Длина: 13 байт
  Маркер: 5555
  Адрес назначения: 0xFF
  Адрес отправителя: 0x01
  Счетчик пакетов: 0x09
  Длина пакетов: 0x05
  Функция: 0x08
  Адр: 0x22 0x12
  Размер: 0x00 0x02
  CRC: 0x4C
  Первые 13 байт: 5555FF0109050008122202004C
======================================================================
ЗАВЕРШЕНИЕ СНИФФИНГА
Всего пакетов: 16
Время: 2026-08-13 10:49:25
Лог-файл: logs\sniff_20260813_104924.log
======================================================================
