======================================================================
СНИФФИНГ ПРОТОКОЛА (поиск маркера)
Порт: COM5
Скорость: 57600
Маркер: 5555
Начало: 2026-08-13 11:25:37
======================================================================

Пакет #1 [11:25:37.303]
HEX: 5555FF016505000812220200A8
Длина: 13 байт
  Длина: 13 байт
  куда: 0xFF, от кого: 0x01, счет: 0x65, Дл дан: 0x05
  Функ: 0x08, Адр: 0x22 0x12, Разм: 0x00 0x02,CRC: 0xA8
  Адр: 0x22 0x12
  Размер: 0x00 0x02
  CRC: 0xA8
  Первые 13 байт: 5555FF016505000812220200A8
======================================================================
ЗАВЕРШЕНИЕ СНИФФИНГА
Всего пакетов: 2
Время: 2026-08-13 11:25:37
Лог-файл: logs\sniff_20260813_112537.log
======================================================================
