======================================================================
СНИФФИНГ ПРОТОКОЛА (поиск маркера)
Порт: COM5
Скорость: 57600
Маркер: 5555
Начало: 2026-08-13 11:55:03
======================================================================

Пакет #1 [11:55:03.910]
HEX: 5555FF011D050008C4000E00FC
Длина: 13 байт
  Длина: 13 байт
  Первые 13 байт: 5555FF011D050008C4000E00FC
  куда: 0xFF, от кого: 0x01, счет: 0x1D, Дл дан: 0x05
  data: 0x08 C4 00 0E 00
  Первые 13 байт: 5555FF011D050008C4000E00FC

Пакет #2 [11:55:03.941]
HEX: 555501FF1D0E00000008000000070600000000000040
Длина: 22 байт
  Длина: 22 байт
  Первые 16 байт: 555501FF1D0E00000008000000070600
  куда: 0x01, от кого: 0xFF, счет: 0x1D, Дл дан: 0x0E
  data: 0x00 00 08 00 00
  Первые 16 байт: 555501FF1D0E00000008000000070600
  ... и еще 6 байт

Пакет #3 [11:55:03.952]
HEX: 5555FF011E050008D200550052
Длина: 13 байт
  Длина: 13 байт
  Первые 13 байт: 5555FF011E050008D200550052
  куда: 0xFF, от кого: 0x01, счет: 0x1E, Дл дан: 0x05
  data: 0x08 D2 00 55 00
  Первые 13 байт: 5555FF011E050008D200550052

Пакет #4 [11:55:03.983]
HEX: 555501FF1E55001D5AE43E00000000000000000000000000000000300000002F0000002E000000000000000000000000000000000000000000703E00006B3E0000663E0000000000000000000000000000000000000000000000000094
Длина: 93 байт
  Длина: 93 байт
  Первые 16 байт: 555501FF1E55001D5AE43E0000000000
  куда: 0x01, от кого: 0xFF, счет: 0x1E, Дл дан: 0x55
  data: 0x1D 5A E4 3E 00
  Первые 16 байт: 555501FF1E55001D5AE43E0000000000
  ... и еще 77 байт

Пакет #5 [11:55:04.004]
HEX: 5555FF011F0500082701300084
Длина: 13 байт
  Длина: 13 байт
  Первые 13 байт: 5555FF011F0500082701300084
  куда: 0xFF, от кого: 0x01, счет: 0x1F, Дл дан: 0x05
  data: 0x08 27 01 30 00
  Первые 13 байт: 5555FF011F0500082701300084

Пакет #6 [11:55:04.037]
HEX: 555501FF1F30000000000000000000000000000000000000000000000000000000000000000000000000000000000000000000000000004F
Длина: 56 байт
  Длина: 56 байт
  Первые 16 байт: 555501FF1F3000000000000000000000
  куда: 0x01, от кого: 0xFF, счет: 0x1F, Дл дан: 0x30
  data: 0x00 00 00 00 00
  Первые 16 байт: 555501FF1F3000000000000000000000
  ... и еще 40 байт

Пакет #7 [11:55:04.047]
HEX: 5555FF012005000800207800C5
Длина: 13 байт
  Длина: 13 байт
  Первые 13 байт: 5555FF012005000800207800C5
  куда: 0xFF, от кого: 0x01, счет: 0x20, Дл дан: 0x05
  data: 0x08 00 20 78 00
  Первые 13 байт: 5555FF012005000800207800C5

Пакет #8 [11:55:04.100]
HEX: 555501FF20780000001206000C0C0000FC1C00003C0C00000201000010410000803E000020410000A0410000E03F000050400000803F0000803F0000000002000000F000000080700000F00000003C0000008403000080700000100E000080F40300003333733F0000030000001646000002020302030004040B0B0A085802D0
Длина: 128 байт
  Длина: 128 байт
  Первые 16 байт: 555501FF20780000001206000C0C0000
  куда: 0x01, от кого: 0xFF, счет: 0x20, Дл дан: 0x78
  data: 0x00 00 12 06 00
  Первые 16 байт: 555501FF20780000001206000C0C0000
  ... и еще 112 байт

Пакет #9 [11:55:04.112]
HEX: 5555FF01210500087820A4006A
Длина: 13 байт
  Длина: 13 байт
  Первые 13 байт: 5555FF01210500087820A4006A
  куда: 0xFF, от кого: 0x01, счет: 0x21, Дл дан: 0x05
  data: 0x08 78 20 A4 00
  Первые 13 байт: 5555FF01210500087820A4006A

Пакет #10 [11:55:04.175]
HEX: 555501FF21A4000101000200000000000000000000A040ABAAA64100000000000000000000A040ABAAA64100000000000000000000A0407CF0C13F00000000000000000000A0400000844100000000000000000000A0400000A04000000000000000000000A0400000A04000000000000000000000A0400000A04000000000000000000000A0410000A04100000000000000000000A0410000A0410000803F0000803F0000803F33335340EC
Длина: 172 байт
  Длина: 172 байт
  Первые 16 байт: 555501FF21A400010100020000000000
  куда: 0x01, от кого: 0xFF, счет: 0x21, Дл дан: 0xA4
  data: 0x01 01 00 02 00
  Первые 16 байт: 555501FF21A400010100020000000000
  ... и еще 156 байт

Пакет #11 [11:55:04.196]
HEX: 5555FF01220500081C21F60062
Длина: 13 байт
  Длина: 13 байт
  Первые 13 байт: 5555FF01220500081C21F60062
  куда: 0xFF, от кого: 0x01, счет: 0x22, Дл дан: 0x05
  data: 0x08 1C 21 F6 00
  Первые 13 байт: 5555FF01220500081C21F60062

Пакет #12 [11:55:04.270]
HEX: 555501FF22F600020405010101000000000000FA44000000000000FA44000000001F85A741000000000000FA4400000000000020410000000000002041000000000000C842000000000000C842000000000000A041000000000000A041000000000000FA44000000000000FA44000000001F85A741000000000000FA4400000000000020410000000000002041000000000000C842000000000000C842000000000000A041000000000000A041000000000000FA44000000000000FA44000000001F85A741000000000000FA4400000000000020410000000000002041000000000000C842000000000000C842000000000000A041000000000000A041C0
Длина: 254 байт
  Длина: 254 байт
  Первые 16 байт: 555501FF22F600020405010101000000
  куда: 0x01, от кого: 0xFF, счет: 0x22, Дл дан: 0xF6
  data: 0x02 04 05 01 01
  Первые 16 байт: 555501FF22F600020405010101000000
  ... и еще 238 байт

Пакет #13 [11:55:04.281]
HEX: 5555FF01230500081222020066
Длина: 13 байт
  Длина: 13 байт
  Первые 13 байт: 5555FF01230500081222020066
  куда: 0xFF, от кого: 0x01, счет: 0x23, Дл дан: 0x05
  data: 0x08 12 22 02 00
  Первые 13 байт: 5555FF01230500081222020066
======================================================================
ЗАВЕРШЕНИЕ СНИФФИНГА
Всего пакетов: 14
Время: 2026-08-13 11:55:04
Лог-файл: logs\sniff_20260813_115503.log
======================================================================
