======================================================================
СНИФФИНГ ПРОТОКОЛА (поиск маркера)
Порт: COM5
Скорость: 57600
Маркер: 5555
Начало: 2026-08-13 10:39:17
======================================================================

Пакет #1 [10:39:28.560]
HEX: 5555FF01010500080000040012
Длина: 13 байт
  Длина: 13 байт
  Маркер: 5555
  Адрес назначения: 0xFF
  Адрес отправителя: 0x01
  Счетчик пакетов: 0x01
  Длина пакетов: 0x05
  Функция: 0x08
  Адр: 0x00 0x00
  Размер: 0x00 0x04
  CRC: 0x12
  Первые 13 байт: 5555FF01010500080000040012
======================================================================
ЗАВЕРШЕНИЕ СНИФФИНГА
Всего пакетов: 2
Время: 2026-08-13 10:39:29
Лог-файл: logs\sniff_20260813_103917.log
======================================================================
