======================================================================
СНИФФИНГ ПРОТОКОЛА (поиск маркера)
Порт: COM5
Скорость: 57600
Маркер: 5555
Начало: 2026-08-11 16:07:37
======================================================================

Пакет #1 [16:07:58.280]
HEX: 555501120105000800FD440062
Длина: 13 байт
  Длина: 13 байт
  Маркер: 5555
  Третий байт: 0x01
  Первые 13 байт: 555501120105000800FD440062

Пакет #2 [16:07:58.438]
HEX: 555501120205000800FD440063
Длина: 13 байт
  Длина: 13 байт
  Маркер: 5555
  Третий байт: 0x01
  Первые 13 байт: 555501120205000800FD440063

Пакет #3 [16:07:58.588]
HEX: 555501120305000800FD440064
Длина: 13 байт
  Длина: 13 байт
  Маркер: 5555
  Третий байт: 0x01
  Первые 13 байт: 555501120305000800FD440064

Пакет #4 [16:07:58.735]
HEX: 555501120405000800FD440065
Длина: 13 байт
  Длина: 13 байт
  Маркер: 5555
  Третий байт: 0x01
  Первые 13 байт: 555501120405000800FD440065

Пакет #5 [16:07:58.893]
HEX: 555501120505000800FD440066
Длина: 13 байт
  Длина: 13 байт
  Маркер: 5555
  Третий байт: 0x01
  Первые 13 байт: 555501120505000800FD440066

Пакет #6 [16:07:59.040]
HEX: 555501120605000800FD440067
Длина: 13 байт
  Длина: 13 байт
  Маркер: 5555
  Третий байт: 0x01
  Первые 13 байт: 555501120605000800FD440067

Пакет #7 [16:07:59.189]
HEX: 555501120705000800FD440068
Длина: 13 байт
  Длина: 13 байт
  Маркер: 5555
  Третий байт: 0x01
  Первые 13 байт: 555501120705000800FD440068

Пакет #8 [16:07:59.348]
HEX: 555501120805000800FD440069
Длина: 13 байт
  Длина: 13 байт
  Маркер: 5555
  Третий байт: 0x01
  Первые 13 байт: 555501120805000800FD440069

Пакет #9 [16:07:59.496]
HEX: 555501120905000800FD44006A
Длина: 13 байт
  Длина: 13 байт
  Маркер: 5555
  Третий байт: 0x01
  Первые 13 байт: 555501120905000800FD44006A

Пакет #10 [16:07:59.645]
HEX: 555501120A05000800FD44006B
Длина: 13 байт
  Длина: 13 байт
  Маркер: 5555
  Третий байт: 0x01
  Первые 13 байт: 555501120A05000800FD44006B

Пакет #11 [16:07:59.792]
HEX: 555501120B05000800FD44006C
Длина: 13 байт
  Длина: 13 байт
  Маркер: 5555
  Третий байт: 0x01
  Первые 13 байт: 555501120B05000800FD44006C

Пакет #12 [16:07:59.950]
HEX: 555501120C05000800FD44006D
Длина: 13 байт
  Длина: 13 байт
  Маркер: 5555
  Третий байт: 0x01
  Первые 13 байт: 555501120C05000800FD44006D

Пакет #13 [16:08:00.100]
HEX: 555501120D05000800FD44006E
Длина: 13 байт
  Длина: 13 байт
  Маркер: 5555
  Третий байт: 0x01
  Первые 13 байт: 555501120D05000800FD44006E

Пакет #14 [16:08:00.248]
HEX: 555501120E05000800FD44006F
Длина: 13 байт
  Длина: 13 байт
  Маркер: 5555
  Третий байт: 0x01
  Первые 13 байт: 555501120E05000800FD44006F

Пакет #15 [16:08:00.396]
HEX: 555501120F05000800FD440070
Длина: 13 байт
  Длина: 13 байт
  Маркер: 5555
  Третий байт: 0x01
  Первые 13 байт: 555501120F05000800FD440070

Пакет #16 [16:08:00.555]
HEX: 555501121005000800FD440071
Длина: 13 байт
  Длина: 13 байт
  Маркер: 5555
  Третий байт: 0x01
  Первые 13 байт: 555501121005000800FD440071

Пакет #17 [16:08:00.703]
HEX: 555501121105000800FD440072
Длина: 13 байт
  Длина: 13 байт
  Маркер: 5555
  Третий байт: 0x01
  Первые 13 байт: 555501121105000800FD440072

Пакет #18 [16:08:00.851]
HEX: 555501121205000800FD440073
Длина: 13 байт
  Длина: 13 байт
  Маркер: 5555
  Третий байт: 0x01
  Первые 13 байт: 555501121205000800FD440073

Пакет #19 [16:08:00.999]
HEX: 555501121305000800FD440074
Длина: 13 байт
  Длина: 13 байт
  Маркер: 5555
  Третий байт: 0x01
  Первые 13 байт: 555501121305000800FD440074

Пакет #20 [16:08:01.158]
HEX: 555501121405000800FD440075
Длина: 13 байт
  Длина: 13 байт
  Маркер: 5555
  Третий байт: 0x01
  Первые 13 байт: 555501121405000800FD440075

Пакет #21 [16:08:01.306]
HEX: 555501121505000800FD440076
Длина: 13 байт
  Длина: 13 байт
  Маркер: 5555
  Третий байт: 0x01
  Первые 13 байт: 555501121505000800FD440076

Пакет #22 [16:08:01.463]
HEX: 555501121605000800FD440077
Длина: 13 байт
  Длина: 13 байт
  Маркер: 5555
  Третий байт: 0x01
  Первые 13 байт: 555501121605000800FD440077

Пакет #23 [16:08:01.612]
HEX: 555501121705000800FD440078
Длина: 13 байт
  Длина: 13 байт
  Маркер: 5555
  Третий байт: 0x01
  Первые 13 байт: 555501121705000800FD440078

Пакет #24 [16:08:01.760]
HEX: 555501121805000800FD440079
Длина: 13 байт
  Длина: 13 байт
  Маркер: 5555
  Третий байт: 0x01
  Первые 13 байт: 555501121805000800FD440079

Пакет #25 [16:08:01.908]
HEX: 555501121905000800FD44007A
Длина: 13 байт
  Длина: 13 байт
  Маркер: 5555
  Третий байт: 0x01
  Первые 13 байт: 555501121905000800FD44007A

Пакет #26 [16:08:02.065]
HEX: 555501121A05000800FD44007B
Длина: 13 байт
  Длина: 13 байт
  Маркер: 5555
  Третий байт: 0x01
  Первые 13 байт: 555501121A05000800FD44007B

Пакет #27 [16:08:02.213]
HEX: 555501121B05000800FD44007C
Длина: 13 байт
  Длина: 13 байт
  Маркер: 5555
  Третий байт: 0x01
  Первые 13 байт: 555501121B05000800FD44007C

Пакет #28 [16:08:02.361]
HEX: 555501121C05000800FD44007D
Длина: 13 байт
  Длина: 13 байт
  Маркер: 5555
  Третий байт: 0x01
  Первые 13 байт: 555501121C05000800FD44007D

Пакет #29 [16:08:02.518]
HEX: 555501121D05000800FD44007E
Длина: 13 байт
  Длина: 13 байт
  Маркер: 5555
  Третий байт: 0x01
  Первые 13 байт: 555501121D05000800FD44007E

Пакет #30 [16:08:02.666]
HEX: 555501121E05000800FD44007F
Длина: 13 байт
  Длина: 13 байт
  Маркер: 5555
  Третий байт: 0x01
  Первые 13 байт: 555501121E05000800FD44007F

Пакет #31 [16:08:02.813]
HEX: 555501121F05000800FD440080
Длина: 13 байт
  Длина: 13 байт
  Маркер: 5555
  Третий байт: 0x01
  Первые 13 байт: 555501121F05000800FD440080

Пакет #32 [16:08:02.962]
HEX: 555501122005000800FD440081
Длина: 13 байт
  Длина: 13 байт
  Маркер: 5555
  Третий байт: 0x01
  Первые 13 байт: 555501122005000800FD440081

Пакет #33 [16:08:03.119]
HEX: 555501122105000800FD440082
Длина: 13 байт
  Длина: 13 байт
  Маркер: 5555
  Третий байт: 0x01
  Первые 13 байт: 555501122105000800FD440082

Пакет #34 [16:08:03.267]
HEX: 555501122205000800FD440083
Длина: 13 байт
  Длина: 13 байт
  Маркер: 5555
  Третий байт: 0x01
  Первые 13 байт: 555501122205000800FD440083

Пакет #35 [16:08:03.416]
HEX: 555501122305000800FD440084
Длина: 13 байт
  Длина: 13 байт
  Маркер: 5555
  Третий байт: 0x01
  Первые 13 байт: 555501122305000800FD440084

Пакет #36 [16:08:03.573]
HEX: 555501122405000800FD440085
Длина: 13 байт
  Длина: 13 байт
  Маркер: 5555
  Третий байт: 0x01
  Первые 13 байт: 555501122405000800FD440085

Пакет #37 [16:08:03.720]
HEX: 555501122505000800FD440086
Длина: 13 байт
  Длина: 13 байт
  Маркер: 5555
  Третий байт: 0x01
  Первые 13 байт: 555501122505000800FD440086

Пакет #38 [16:08:03.878]
HEX: 555501122605000800FD440087
Длина: 13 байт
  Длина: 13 байт
  Маркер: 5555
  Третий байт: 0x01
  Первые 13 байт: 555501122605000800FD440087

Пакет #39 [16:08:04.027]
HEX: 555501122705000800FD440088
Длина: 13 байт
  Длина: 13 байт
  Маркер: 5555
  Третий байт: 0x01
  Первые 13 байт: 555501122705000800FD440088

Пакет #40 [16:08:04.174]
HEX: 555501122805000800FD440089
Длина: 13 байт
  Длина: 13 байт
  Маркер: 5555
  Третий байт: 0x01
  Первые 13 байт: 555501122805000800FD440089

Пакет #41 [16:08:04.323]
HEX: 555501122905000800FD44008A
Длина: 13 байт
  Длина: 13 байт
  Маркер: 5555
  Третий байт: 0x01
  Первые 13 байт: 555501122905000800FD44008A

Пакет #42 [16:08:04.481]
HEX: 555501122A05000800FD44008B
Длина: 13 байт
  Длина: 13 байт
  Маркер: 5555
  Третий байт: 0x01
  Первые 13 байт: 555501122A05000800FD44008B

Пакет #43 [16:08:04.630]
HEX: 555501122B05000800FD44008C
Длина: 13 байт
  Длина: 13 байт
  Маркер: 5555
  Третий байт: 0x01
  Первые 13 байт: 555501122B05000800FD44008C

Пакет #44 [16:08:04.777]
HEX: 555501122C05000800FD44008D
Длина: 13 байт
  Длина: 13 байт
  Маркер: 5555
  Третий байт: 0x01
  Первые 13 байт: 555501122C05000800FD44008D

Пакет #45 [16:08:04.935]
HEX: 555501122D05000800FD44008E
Длина: 13 байт
  Длина: 13 байт
  Маркер: 5555
  Третий байт: 0x01
  Первые 13 байт: 555501122D05000800FD44008E

Пакет #46 [16:08:05.083]
HEX: 555501122E05000800FD44008F
Длина: 13 байт
  Длина: 13 байт
  Маркер: 5555
  Третий байт: 0x01
  Первые 13 байт: 555501122E05000800FD44008F

Пакет #47 [16:08:05.231]
HEX: 555501122F05000800FD440090
Длина: 13 байт
  Длина: 13 байт
  Маркер: 5555
  Третий байт: 0x01
  Первые 13 байт: 555501122F05000800FD440090

Пакет #48 [16:08:05.388]
HEX: 555501123005000800FD440091
Длина: 13 байт
  Длина: 13 байт
  Маркер: 5555
  Третий байт: 0x01
  Первые 13 байт: 555501123005000800FD440091

Пакет #49 [16:08:05.536]
HEX: 555501123105000800FD440092
Длина: 13 байт
  Длина: 13 байт
  Маркер: 5555
  Третий байт: 0x01
  Первые 13 байт: 555501123105000800FD440092

Пакет #50 [16:08:05.684]
HEX: 555501123205000800FD440093
Длина: 13 байт
  Длина: 13 байт
  Маркер: 5555
  Третий байт: 0x01
  Первые 13 байт: 555501123205000800FD440093

Пакет #51 [16:08:05.833]
HEX: 555501123305000800FD440094
Длина: 13 байт
  Длина: 13 байт
  Маркер: 5555
  Третий байт: 0x01
  Первые 13 байт: 555501123305000800FD440094

Пакет #52 [16:08:05.990]
HEX: 555501123405000800FD440095
Длина: 13 байт
  Длина: 13 байт
  Маркер: 5555
  Третий байт: 0x01
  Первые 13 байт: 555501123405000800FD440095

Пакет #53 [16:08:06.137]
HEX: 555501123505000800FD440096
Длина: 13 байт
  Длина: 13 байт
  Маркер: 5555
  Третий байт: 0x01
  Первые 13 байт: 555501123505000800FD440096

Пакет #54 [16:08:06.295]
HEX: 555501123605000800FD440097
Длина: 13 байт
  Длина: 13 байт
  Маркер: 5555
  Третий байт: 0x01
  Первые 13 байт: 555501123605000800FD440097

Пакет #55 [16:08:06.444]
HEX: 555501123705000800FD440098
Длина: 13 байт
  Длина: 13 байт
  Маркер: 5555
  Третий байт: 0x01
  Первые 13 байт: 555501123705000800FD440098

Пакет #56 [16:08:06.590]
HEX: 555501123805000800FD440099
Длина: 13 байт
  Длина: 13 байт
  Маркер: 5555
  Третий байт: 0x01
  Первые 13 байт: 555501123805000800FD440099

Пакет #57 [16:08:06.739]
HEX: 555501123905000800FD44009A
Длина: 13 байт
  Длина: 13 байт
  Маркер: 5555
  Третий байт: 0x01
  Первые 13 байт: 555501123905000800FD44009A

Пакет #58 [16:08:06.898]
HEX: 555501123A05000800FD44009B
Длина: 13 байт
  Длина: 13 байт
  Маркер: 5555
  Третий байт: 0x01
  Первые 13 байт: 555501123A05000800FD44009B

Пакет #59 [16:08:07.045]
HEX: 555501123B05000800FD44009C
Длина: 13 байт
  Длина: 13 байт
  Маркер: 5555
  Третий байт: 0x01
  Первые 13 байт: 555501123B05000800FD44009C

Пакет #60 [16:08:07.192]
HEX: 555501123C05000800FD44009D
Длина: 13 байт
  Длина: 13 байт
  Маркер: 5555
  Третий байт: 0x01
  Первые 13 байт: 555501123C05000800FD44009D

Пакет #61 [16:08:07.350]
HEX: 555501123D05000800FD44009E
Длина: 13 байт
  Длина: 13 байт
  Маркер: 5555
  Третий байт: 0x01
  Первые 13 байт: 555501123D05000800FD44009E
======================================================================
ЗАВЕРШЕНИЕ СНИФФИНГА
Всего пакетов: 61
Время: 2026-08-11 16:17:36
Лог-файл: logs\sniff_20260811_160737.log
======================================================================
