======================================================================
СНИФФИНГ ПРОТОКОЛА (поиск маркера)
Порт: COM5
Скорость: 57600
Маркер: 5555
Начало: 2026-08-12 13:17:22
======================================================================

Пакет #1 [13:17:22.532]
HEX: 555502017105000800006600E7
Длина: 13 байт
  Длина: 13 байт
  Маркер: 5555
  Адрес назначения: 0x02
  Адрес отправителя: 0x01
  Счетчик пакетов: 0x71
  Длина пакетов: 0x05
  Функция: 0x08
  Адр: 0x00 0x00
  Размер: 0x00 0x66
  CRC: 0xE7
  Первые 13 байт: 555502017105000800006600E7

Пакет #2 [13:17:22.678]
HEX: 55550102716600190008000300000B330100000000000000000000000000000FF8EE47C3F8EE47C3F8EE47C3F8EE47C375AC7F409C57C03A683A803A683A803A3303014275AC7F409C57C03A683A803A683A803AFDEE47C3FDEE47C3FDEE47C3FDEE47C30F000000005DAE783F34
Длина: 110 байт
  Длина: 110 байт
  Маркер: 5555
  Адрес назначения: 0x01
  Адрес отправителя: 0x02
  Счетчик пакетов: 0x71
  Длина пакетов: 0x66
  Функция: 0x19
  Адр: 0x08 0x00
  Размер: 0x03 0x00
  CRC: 0x00
  Первые 16 байт: 55550102716600190008000300000B33
  ... и еще 94 байт

Пакет #3 [13:17:22.700]
HEX: 555502017605000800006600EC
Длина: 13 байт
  Длина: 13 байт
  Маркер: 5555
  Адрес назначения: 0x02
  Адрес отправителя: 0x01
  Счетчик пакетов: 0x76
  Длина пакетов: 0x05
  Функция: 0x08
  Адр: 0x00 0x00
  Размер: 0x00 0x66
  CRC: 0xEC
  Первые 13 байт: 555502017605000800006600EC

Пакет #4 [13:17:22.847]
HEX: 55550102766600190008000300000B330100000000000000000000000000000FF8EE47C3F8EE47C3F8EE47C3F8EE47C356AC7F40593A803A593A803A593A003A3303014256AC7F40593A803A593A803A593A003AFDEE47C3FDEE47C3FDEE47C3FDEE47C30F000000003FAE783F61
Длина: 110 байт
  Длина: 110 байт
  Маркер: 5555
  Адрес назначения: 0x01
  Адрес отправителя: 0x02
  Счетчик пакетов: 0x76
  Длина пакетов: 0x66
  Функция: 0x19
  Адр: 0x08 0x00
  Размер: 0x03 0x00
  CRC: 0x00
  Первые 16 байт: 55550102766600190008000300000B33
  ... и еще 94 байт

Пакет #5 [13:17:22.858]
HEX: 555502017C05000800006600F2
Длина: 13 байт
  Длина: 13 байт
  Маркер: 5555
  Адрес назначения: 0x02
  Адрес отправителя: 0x01
  Счетчик пакетов: 0x7C
  Длина пакетов: 0x05
  Функция: 0x08
  Адр: 0x00 0x00
  Размер: 0x00 0x66
  CRC: 0xF2
  Первые 13 байт: 555502017C05000800006600F2

Пакет #6 [13:17:23.007]
HEX: 555501027C6600190008000300000B330100000000000000000000000000000FF8EE47C3F8EE47C3F8EE47C3F8EE47C356AC7F40593A803A593A803A593A003A3303014256AC7F40593A803A593A803A593A003AFDEE47C3FDEE47C3FDEE47C3FDEE47C30F000000003FAE783F67
Длина: 110 байт
  Длина: 110 байт
  Маркер: 5555
  Адрес назначения: 0x01
  Адрес отправителя: 0x02
  Счетчик пакетов: 0x7C
  Длина пакетов: 0x66
  Функция: 0x19
  Адр: 0x08 0x00
  Размер: 0x03 0x00
  CRC: 0x00
  Первые 16 байт: 555501027C6600190008000300000B33
  ... и еще 94 байт

Пакет #7 [13:17:23.019]
HEX: 555502018305000800006600F9
Длина: 13 байт
  Длина: 13 байт
  Маркер: 5555
  Адрес назначения: 0x02
  Адрес отправителя: 0x01
  Счетчик пакетов: 0x83
  Длина пакетов: 0x05
  Функция: 0x08
  Адр: 0x00 0x00
  Размер: 0x00 0x66
  CRC: 0xF9
  Первые 13 байт: 555502018305000800006600F9

Пакет #8 [13:17:23.165]
HEX: 55550102836600190008000300000B330100000000000000000000000000000FF8EE47C3F8EE47C3F8EE47C3F8EE47C34AB47F40513A803A513A803A513A803A330301424AB47F40513A803A513A803A513A803AFDEE47C3FDEE47C3FDEE47C3FDEE47C30F0000000030AE783F27
Длина: 110 байт
  Длина: 110 байт
  Маркер: 5555
  Адрес назначения: 0x01
  Адрес отправителя: 0x02
  Счетчик пакетов: 0x83
  Длина пакетов: 0x66
  Функция: 0x19
  Адр: 0x08 0x00
  Размер: 0x03 0x00
  CRC: 0x00
  Первые 16 байт: 55550102836600190008000300000B33
  ... и еще 94 байт

Пакет #9 [13:17:23.176]
HEX: 555502018905000800006600FF
Длина: 13 байт
  Длина: 13 байт
  Маркер: 5555
  Адрес назначения: 0x02
  Адрес отправителя: 0x01
  Счетчик пакетов: 0x89
  Длина пакетов: 0x05
  Функция: 0x08
  Адр: 0x00 0x00
  Размер: 0x00 0x66
  CRC: 0xFF
  Первые 13 байт: 555502018905000800006600FF

Пакет #10 [13:17:23.323]
HEX: 55550102896600190008000300000C330100000000000000000000000000000FF8EE47C3F8EE47C3F8EE47C3F8EE47C34AB47F40513A803A513A803A513A803A330301424AB47F40513A803A513A803A513A803AFDEE47C3FDEE47C3FDEE47C3FDEE47C30F0000000030AE783F2E
Длина: 110 байт
  Длина: 110 байт
  Маркер: 5555
  Адрес назначения: 0x01
  Адрес отправителя: 0x02
  Счетчик пакетов: 0x89
  Длина пакетов: 0x66
  Функция: 0x19
  Адр: 0x08 0x00
  Размер: 0x03 0x00
  CRC: 0x00
  Первые 16 байт: 55550102896600190008000300000C33
  ... и еще 94 байт

Пакет #11 [13:17:23.335]
HEX: 555502018F0500080000660005
Длина: 13 байт
  Длина: 13 байт
  Маркер: 5555
  Адрес назначения: 0x02
  Адрес отправителя: 0x01
  Счетчик пакетов: 0x8F
  Длина пакетов: 0x05
  Функция: 0x08
  Адр: 0x00 0x00
  Размер: 0x00 0x66
  CRC: 0x05
  Первые 13 байт: 555502018F0500080000660005

Пакет #12 [13:17:23.477]
HEX: 555501028F6600190008000300000C330100000000000000000000000000000FF8EE47C3F8EE47C3F8EE47C3F8EE47C34AB47F40513A803A513A803A513A803A330301424AB47F40513A803A513A803A513A803AFDEE47C3FDEE47C3FDEE47C3FDEE47C30F0000000030AE783F34
Длина: 110 байт
  Длина: 110 байт
  Маркер: 5555
  Адрес назначения: 0x01
  Адрес отправителя: 0x02
  Счетчик пакетов: 0x8F
  Длина пакетов: 0x66
  Функция: 0x19
  Адр: 0x08 0x00
  Размер: 0x03 0x00
  CRC: 0x00
  Первые 16 байт: 555501028F6600190008000300000C33
  ... и еще 94 байт

Пакет #13 [13:17:23.488]
HEX: 5555020195050008000066000B
Длина: 13 байт
  Длина: 13 байт
  Маркер: 5555
  Адрес назначения: 0x02
  Адрес отправителя: 0x01
  Счетчик пакетов: 0x95
  Длина пакетов: 0x05
  Функция: 0x08
  Адр: 0x00 0x00
  Размер: 0x00 0x66
  CRC: 0x0B
  Первые 13 байт: 5555020195050008000066000B

Пакет #14 [13:17:23.643]
HEX: 55550102956600190008000300000C330100000000000000000000000000000FF8EE47C3F8EE47C3F8EE47C3F8EE47C342B47F407357C03A4D3A803A4D3A803A3303014242B47F407357C03A4D3A803A4D3A803AFDEE47C3FDEE47C3FDEE47C3FDEE47C30F0000000028AE783F10
Длина: 110 байт
  Длина: 110 байт
  Маркер: 5555
  Адрес назначения: 0x01
  Адрес отправителя: 0x02
  Счетчик пакетов: 0x95
  Длина пакетов: 0x66
  Функция: 0x19
  Адр: 0x08 0x00
  Размер: 0x03 0x00
  CRC: 0x00
  Первые 16 байт: 55550102956600190008000300000C33
  ... и еще 94 байт

Пакет #15 [13:17:23.654]
HEX: 5555020199050008000066000F
Длина: 13 байт
  Длина: 13 байт
  Маркер: 5555
  Адрес назначения: 0x02
  Адрес отправителя: 0x01
  Счетчик пакетов: 0x99
  Длина пакетов: 0x05
  Функция: 0x08
  Адр: 0x00 0x00
  Размер: 0x00 0x66
  CRC: 0x0F
  Первые 13 байт: 5555020199050008000066000F

Пакет #16 [13:17:23.807]
HEX: 55550102996600190008000300000C330100000000000000000000000000000FF8EE47C3F8EE47C3F8EE47C3F8EE47C342B47F407357C03A4D3A803A4D3A803A3303014242B47F407357C03A4D3A803A4D3A803AFDEE47C3FDEE47C3FDEE47C3FDEE47C30F0000000028AE783F14
Длина: 110 байт
  Длина: 110 байт
  Маркер: 5555
  Адрес назначения: 0x01
  Адрес отправителя: 0x02
  Счетчик пакетов: 0x99
  Длина пакетов: 0x66
  Функция: 0x19
  Адр: 0x08 0x00
  Размер: 0x03 0x00
  CRC: 0x00
  Первые 16 байт: 55550102996600190008000300000C33
  ... и еще 94 байт

Пакет #17 [13:17:23.818]
HEX: 555502019F0500080000660015
Длина: 13 байт
  Длина: 13 байт
  Маркер: 5555
  Адрес назначения: 0x02
  Адрес отправителя: 0x01
  Счетчик пакетов: 0x9F
  Длина пакетов: 0x05
  Функция: 0x08
  Адр: 0x00 0x00
  Размер: 0x00 0x66
  CRC: 0x15
  Первые 13 байт: 555502019F0500080000660015

Пакет #18 [13:17:23.964]
HEX: 555501029F6600190008000300000C330100000000000000000000000000000FF8EE47C3F8EE47C3F8EE47C3F8EE47C342B47F407357C03A4D3A803A4D3A803A3303014242B47F407357C03A4D3A803A4D3A803AFDEE47C3FDEE47C3FDEE47C3FDEE47C30F0000000028AE783F1A
Длина: 110 байт
  Длина: 110 байт
  Маркер: 5555
  Адрес назначения: 0x01
  Адрес отправителя: 0x02
  Счетчик пакетов: 0x9F
  Длина пакетов: 0x66
  Функция: 0x19
  Адр: 0x08 0x00
  Размер: 0x03 0x00
  CRC: 0x00
  Первые 16 байт: 555501029F6600190008000300000C33
  ... и еще 94 байт

Пакет #19 [13:17:23.976]
HEX: 55550201A4050008000066001A
Длина: 13 байт
  Длина: 13 байт
  Маркер: 5555
  Адрес назначения: 0x02
  Адрес отправителя: 0x01
  Счетчик пакетов: 0xA4
  Длина пакетов: 0x05
  Функция: 0x08
  Адр: 0x00 0x00
  Размер: 0x00 0x66
  CRC: 0x1A
  Первые 13 байт: 55550201A4050008000066001A

Пакет #20 [13:17:24.125]
HEX: 55550102A46600190008000300000C330100000000000000000000000000000FF8EE47C3F8EE47C3F8EE47C3F8EE47C33AAC7F407057C03A4B3A803A4B3A803A330301423AAC7F407057C03A4B3A803A4B3A803AFDEE47C3FDEE47C3FDEE47C3FDEE47C30F0000000024AE783FED
Длина: 110 байт
  Длина: 110 байт
  Маркер: 5555
  Адрес назначения: 0x01
  Адрес отправителя: 0x02
  Счетчик пакетов: 0xA4
  Длина пакетов: 0x66
  Функция: 0x19
  Адр: 0x08 0x00
  Размер: 0x03 0x00
  CRC: 0x00
  Первые 16 байт: 55550102A46600190008000300000C33
  ... и еще 94 байт

Пакет #21 [13:17:24.136]
HEX: 55550201AA0500080000660020
Длина: 13 байт
  Длина: 13 байт
  Маркер: 5555
  Адрес назначения: 0x02
  Адрес отправителя: 0x01
  Счетчик пакетов: 0xAA
  Длина пакетов: 0x05
  Функция: 0x08
  Адр: 0x00 0x00
  Размер: 0x00 0x66
  CRC: 0x20
  Первые 13 байт: 55550201AA0500080000660020

Пакет #22 [13:17:24.286]
HEX: 55550102AA6600190008000300000D330100000000000000000000000000000FF8EE47C3F8EE47C3F8EE47C3F8EE47C33AAC7F407057C03A4B3A803A4B3A803A330301423AAC7F407057C03A4B3A803A4B3A803AFDEE47C3FDEE47C3FDEE47C3FDEE47C30F0000000024AE783FF4
Длина: 110 байт
  Длина: 110 байт
  Маркер: 5555
  Адрес назначения: 0x01
  Адрес отправителя: 0x02
  Счетчик пакетов: 0xAA
  Длина пакетов: 0x66
  Функция: 0x19
  Адр: 0x08 0x00
  Размер: 0x03 0x00
  CRC: 0x00
  Первые 16 байт: 55550102AA6600190008000300000D33
  ... и еще 94 байт

Пакет #23 [13:17:24.298]
HEX: 55550201B10500080000660027
Длина: 13 байт
  Длина: 13 байт
  Маркер: 5555
  Адрес назначения: 0x02
  Адрес отправителя: 0x01
  Счетчик пакетов: 0xB1
  Длина пакетов: 0x05
  Функция: 0x08
  Адр: 0x00 0x00
  Размер: 0x00 0x66
  CRC: 0x27
  Первые 13 байт: 55550201B10500080000660027

Пакет #24 [13:17:24.437]
HEX: 55550102B16600190008000300000D330100000000000000000000000000000FF8EE47C3F8EE47C3F8EE47C3F8EE47C338AC7F404A3A803A4A3A003A4A3A003A3303014238AC7F404A3A803A4A3A003A4A3A003AFDEE47C3FDEE47C3FDEE47C3FDEE47C30F0000000022AE783FEB
Длина: 110 байт
  Длина: 110 байт
  Маркер: 5555
  Адрес назначения: 0x01
  Адрес отправителя: 0x02
  Счетчик пакетов: 0xB1
  Длина пакетов: 0x66
  Функция: 0x19
  Адр: 0x08 0x00
  Размер: 0x03 0x00
  CRC: 0x00
  Первые 16 байт: 55550102B16600190008000300000D33
  ... и еще 94 байт

Пакет #25 [13:17:24.459]
HEX: 55550201B7050008000066002D
Длина: 13 байт
  Длина: 13 байт
  Маркер: 5555
  Адрес назначения: 0x02
  Адрес отправителя: 0x01
  Счетчик пакетов: 0xB7
  Длина пакетов: 0x05
  Функция: 0x08
  Адр: 0x00 0x00
  Размер: 0x00 0x66
  CRC: 0x2D
  Первые 13 байт: 55550201B7050008000066002D

Пакет #26 [13:17:24.598]
HEX: 55550102B76600190008000300000D330100000000000000000000000000000FF8EE47C3F8EE47C3F8EE47C3F8EE47C338AC7F404A3A803A4A3A003A4A3A003A0000014238AC7F404A3A803A4A3A003A4A3A003AFDEE47C3FDEE47C3FDEE47C3FDEE47C30F0000000022AE783FBB
Длина: 110 байт
  Длина: 110 байт
  Маркер: 5555
  Адрес назначения: 0x01
  Адрес отправителя: 0x02
  Счетчик пакетов: 0xB7
  Длина пакетов: 0x66
  Функция: 0x19
  Адр: 0x08 0x00
  Размер: 0x03 0x00
  CRC: 0x00
  Первые 16 байт: 55550102B76600190008000300000D33
  ... и еще 94 байт

Пакет #27 [13:17:24.610]
HEX: 55550201BC0500080000660032
Длина: 13 байт
  Длина: 13 байт
  Маркер: 5555
  Адрес назначения: 0x02
  Адрес отправителя: 0x01
  Счетчик пакетов: 0xBC
  Длина пакетов: 0x05
  Функция: 0x08
  Адр: 0x00 0x00
  Размер: 0x00 0x66
  CRC: 0x32
  Первые 13 байт: 55550201BC0500080000660032

Пакет #28 [13:17:24.758]
HEX: 55550102BC6600190008000300000D330100000000000000000000000000000FF8EE47C3F8EE47C3F8EE47C3F8EE47C338AC7F404A3A803A4A3A003A4A3A003A0000014238AC7F404A3A803A4A3A003A4A3A003AFDEE47C3FDEE47C3FDEE47C3FDEE47C30F0000000022AE783FC0
Длина: 110 байт
  Длина: 110 байт
  Маркер: 5555
  Адрес назначения: 0x01
  Адрес отправителя: 0x02
  Счетчик пакетов: 0xBC
  Длина пакетов: 0x66
  Функция: 0x19
  Адр: 0x08 0x00
  Размер: 0x03 0x00
  CRC: 0x00
  Первые 16 байт: 55550102BC6600190008000300000D33
  ... и еще 94 байт

Пакет #29 [13:17:24.777]
HEX: 55550201C20500080000660038
Длина: 13 байт
  Длина: 13 байт
  Маркер: 5555
  Адрес назначения: 0x02
  Адрес отправителя: 0x01
  Счетчик пакетов: 0xC2
  Длина пакетов: 0x05
  Функция: 0x08
  Адр: 0x00 0x00
  Размер: 0x00 0x66
  CRC: 0x38
  Первые 13 байт: 55550201C20500080000660038

Пакет #30 [13:17:24.921]
HEX: 55550102C26600190008000300000D330100000000000000000000000000000FF8EE47C3F8EE47C3F8EE47C3F8EE47C337AC7F40493A803A493A803A493A803A0000014237AC7F40493A803A493A803A493A803AFDEE47C3FDEE47C3FDEE47C3FDEE47C30F0000000021AE783FBD
Длина: 110 байт
  Длина: 110 байт
  Маркер: 5555
  Адрес назначения: 0x01
  Адрес отправителя: 0x02
  Счетчик пакетов: 0xC2
  Длина пакетов: 0x66
  Функция: 0x19
  Адр: 0x08 0x00
  Размер: 0x03 0x00
  CRC: 0x00
  Первые 16 байт: 55550102C26600190008000300000D33
  ... и еще 94 байт

Пакет #31 [13:17:24.932]
HEX: 55550201C6050008000066003C
Длина: 13 байт
  Длина: 13 байт
  Маркер: 5555
  Адрес назначения: 0x02
  Адрес отправителя: 0x01
  Счетчик пакетов: 0xC6
  Длина пакетов: 0x05
  Функция: 0x08
  Адр: 0x00 0x00
  Размер: 0x00 0x66
  CRC: 0x3C
  Первые 13 байт: 55550201C6050008000066003C

Пакет #32 [13:17:25.079]
HEX: 55550102C66600190008000300000D330100000000000000000000000000000FF8EE47C3F8EE47C3F8EE47C3F8EE47C337AC7F40493A803A493A803A493A803A0000014237AC7F40493A803A493A803A493A803AFDEE47C3FDEE47C3FDEE47C3FDEE47C30F0000000021AE783FC1
Длина: 110 байт
  Длина: 110 байт
  Маркер: 5555
  Адрес назначения: 0x01
  Адрес отправителя: 0x02
  Счетчик пакетов: 0xC6
  Длина пакетов: 0x66
  Функция: 0x19
  Адр: 0x08 0x00
  Размер: 0x03 0x00
  CRC: 0x00
  Первые 16 байт: 55550102C66600190008000300000D33
  ... и еще 94 байт

Пакет #33 [13:17:25.090]
HEX: 55550201CC0500080000660042
Длина: 13 байт
  Длина: 13 байт
  Маркер: 5555
  Адрес назначения: 0x02
  Адрес отправителя: 0x01
  Счетчик пакетов: 0xCC
  Длина пакетов: 0x05
  Функция: 0x08
  Адр: 0x00 0x00
  Размер: 0x00 0x66
  CRC: 0x42
  Первые 13 байт: 55550201CC0500080000660042

Пакет #34 [13:17:25.235]
HEX: 55550102CC6600190008000300000E330100000000000000000000000000000FF8EE47C3F8EE47C3F8EE47C3F8EE47C337AC7F40493A803A493A803A493A003A0000014237AC7F40493A803A493A803A493A003AFDEE47C3FDEE47C3FDEE47C3FDEE47C30F0000000021AE783FC8
Длина: 110 байт
  Длина: 110 байт
  Маркер: 5555
  Адрес назначения: 0x01
  Адрес отправителя: 0x02
  Счетчик пакетов: 0xCC
  Длина пакетов: 0x66
  Функция: 0x19
  Адр: 0x08 0x00
  Размер: 0x03 0x00
  CRC: 0x00
  Первые 16 байт: 55550102CC6600190008000300000E33
  ... и еще 94 байт

Пакет #35 [13:17:25.254]
HEX: 55550201D30500080000660049
Длина: 13 байт
  Длина: 13 байт
  Маркер: 5555
  Адрес назначения: 0x02
  Адрес отправителя: 0x01
  Счетчик пакетов: 0xD3
  Длина пакетов: 0x05
  Функция: 0x08
  Адр: 0x00 0x00
  Размер: 0x00 0x66
  CRC: 0x49
  Первые 13 байт: 55550201D30500080000660049

Пакет #36 [13:17:25.408]
HEX: 55550102D36600190008000300000E330100000000000000000000000000000FF8EE47C3F8EE47C3F8EE47C3F8EE47C337AC7F40493A803A493A803A493A003A0000014237AC7F40493A803A493A803A493A003AFDEE47C3FDEE47C3FDEE47C3FDEE47C30F0000000021AE783FCF
Длина: 110 байт
  Длина: 110 байт
  Маркер: 5555
  Адрес назначения: 0x01
  Адрес отправителя: 0x02
  Счетчик пакетов: 0xD3
  Длина пакетов: 0x66
  Функция: 0x19
  Адр: 0x08 0x00
  Размер: 0x03 0x00
  CRC: 0x00
  Первые 16 байт: 55550102D36600190008000300000E33
  ... и еще 94 байт

Пакет #37 [13:17:25.419]
HEX: 55550201D9050008000066004F
Длина: 13 байт
  Длина: 13 байт
  Маркер: 5555
  Адрес назначения: 0x02
  Адрес отправителя: 0x01
  Счетчик пакетов: 0xD9
  Длина пакетов: 0x05
  Функция: 0x08
  Адр: 0x00 0x00
  Размер: 0x00 0x66
  CRC: 0x4F
  Первые 13 байт: 55550201D9050008000066004F

Пакет #38 [13:17:25.558]
HEX: 55550102D96600190008000300000E330100000000000000000000000000000FF8EE47C3F8EE47C3F8EE47C3F8EE47C337AC7F40493A803A493A803A493A003A0000014237AC7F40493A803A493A803A493A003AFDEE47C3FDEE47C3FDEE47C3FDEE47C30F0000000021AE783FD5
Длина: 110 байт
  Длина: 110 байт
  Маркер: 5555
  Адрес назначения: 0x01
  Адрес отправителя: 0x02
  Счетчик пакетов: 0xD9
  Длина пакетов: 0x66
  Функция: 0x19
  Адр: 0x08 0x00
  Размер: 0x03 0x00
  CRC: 0x00
  Первые 16 байт: 55550102D96600190008000300000E33
  ... и еще 94 байт

Пакет #39 [13:17:25.569]
HEX: 55550201DE0500080000660054
Длина: 13 байт
  Длина: 13 байт
  Маркер: 5555
  Адрес назначения: 0x02
  Адрес отправителя: 0x01
  Счетчик пакетов: 0xDE
  Длина пакетов: 0x05
  Функция: 0x08
  Адр: 0x00 0x00
  Размер: 0x00 0x66
  CRC: 0x54
  Первые 13 байт: 55550201DE0500080000660054

Пакет #40 [13:17:25.716]
HEX: 55550102DE6600190008000300000E330100000000000000000000000000000FF8EE47C3F8EE47C3F8EE47C3F8EE47C337AC7F40493A803A493A803A493A003A0000014237AC7F40493A803A493A803A493A003AFDEE47C3FDEE47C3FDEE47C3FDEE47C30F0000000021AE783FDA
Длина: 110 байт
  Длина: 110 байт
  Маркер: 5555
  Адрес назначения: 0x01
  Адрес отправителя: 0x02
  Счетчик пакетов: 0xDE
  Длина пакетов: 0x66
  Функция: 0x19
  Адр: 0x08 0x00
  Размер: 0x03 0x00
  CRC: 0x00
  Первые 16 байт: 55550102DE6600190008000300000E33
  ... и еще 94 байт

Пакет #41 [13:17:25.727]
HEX: 55550201E4050008000066005A
Длина: 13 байт
  Длина: 13 байт
  Маркер: 5555
  Адрес назначения: 0x02
  Адрес отправителя: 0x01
  Счетчик пакетов: 0xE4
  Длина пакетов: 0x05
  Функция: 0x08
  Адр: 0x00 0x00
  Размер: 0x00 0x66
  CRC: 0x5A
  Первые 13 байт: 55550201E4050008000066005A

Пакет #42 [13:17:25.879]
HEX: 55550102E46600190008000300000E330100000000000000000000000000000FF8EE47C3F8EE47C3F8EE47C3F8EE47C337AC7F40493A803A493A803A493A003A0000014237AC7F40493A803A493A803A493A003AFDEE47C3FDEE47C3FDEE47C3FDEE47C30F0000000021AE783FE0
Длина: 110 байт
  Длина: 110 байт
  Маркер: 5555
  Адрес назначения: 0x01
  Адрес отправителя: 0x02
  Счетчик пакетов: 0xE4
  Длина пакетов: 0x66
  Функция: 0x19
  Адр: 0x08 0x00
  Размер: 0x03 0x00
  CRC: 0x00
  Первые 16 байт: 55550102E46600190008000300000E33
  ... и еще 94 байт

Пакет #43 [13:17:25.890]
HEX: 55550201E9050008000066005F
Длина: 13 байт
  Длина: 13 байт
  Маркер: 5555
  Адрес назначения: 0x02
  Адрес отправителя: 0x01
  Счетчик пакетов: 0xE9
  Длина пакетов: 0x05
  Функция: 0x08
  Адр: 0x00 0x00
  Размер: 0x00 0x66
  CRC: 0x5F
  Первые 13 байт: 55550201E9050008000066005F

Пакет #44 [13:17:26.042]
HEX: 55550102E96600190008000300000E330100000000000000000000000000000FF8EE47C3F8EE47C3F8EE47C3F8EE47C33BB47F406E57C03A493A803A493A803A000001423BB47F406E57C03A493A803A493A803AFDEE47C3FDEE47C3FDEE47C3FDEE47C30F0000000021AE783F01
Длина: 110 байт
  Длина: 110 байт
  Маркер: 5555
  Адрес назначения: 0x01
  Адрес отправителя: 0x02
  Счетчик пакетов: 0xE9
  Длина пакетов: 0x66
  Функция: 0x19
  Адр: 0x08 0x00
  Размер: 0x03 0x00
  CRC: 0x00
  Первые 16 байт: 55550102E96600190008000300000E33
  ... и еще 94 байт

Пакет #45 [13:17:26.053]
HEX: 55550201ED0500080000660063
Длина: 13 байт
  Длина: 13 байт
  Маркер: 5555
  Адрес назначения: 0x02
  Адрес отправителя: 0x01
  Счетчик пакетов: 0xED
  Длина пакетов: 0x05
  Функция: 0x08
  Адр: 0x00 0x00
  Размер: 0x00 0x66
  CRC: 0x63
  Первые 13 байт: 55550201ED0500080000660063

Пакет #46 [13:17:26.203]
HEX: 55550102ED6600190008000300000E330100000000000000000000000000000FF8EE47C3F8EE47C3F8EE47C3F8EE47C33BB47F406E57C03A493A803A493A803A000001423BB47F406E57C03A493A803A493A803AFDEE47C3FDEE47C3FDEE47C3FDEE47C30F0000000021AE783F05
Длина: 110 байт
  Длина: 110 байт
  Маркер: 5555
  Адрес назначения: 0x01
  Адрес отправителя: 0x02
  Счетчик пакетов: 0xED
  Длина пакетов: 0x66
  Функция: 0x19
  Адр: 0x08 0x00
  Размер: 0x03 0x00
  CRC: 0x00
  Первые 16 байт: 55550102ED6600190008000300000E33
  ... и еще 94 байт

Пакет #47 [13:17:26.214]
HEX: 55550201F4050008000066006A
Длина: 13 байт
  Длина: 13 байт
  Маркер: 5555
  Адрес назначения: 0x02
  Адрес отправителя: 0x01
  Счетчик пакетов: 0xF4
  Длина пакетов: 0x05
  Функция: 0x08
  Адр: 0x00 0x00
  Размер: 0x00 0x66
  CRC: 0x6A
  Первые 13 байт: 55550201F4050008000066006A

Пакет #48 [13:17:26.358]
HEX: 55550102F46600190008000300000F330100000000000000000000000000000FF8EE47C3F8EE47C3F8EE47C3F8EE47C33BB47F406E57C03A493A803A493A803A000001423BB47F406E57C03A493A803A493A803AFDEE47C3FDEE47C3FDEE47C3FDEE47C30F0000000021AE783F0D
Длина: 110 байт
  Длина: 110 байт
  Маркер: 5555
  Адрес назначения: 0x01
  Адрес отправителя: 0x02
  Счетчик пакетов: 0xF4
  Длина пакетов: 0x66
  Функция: 0x19
  Адр: 0x08 0x00
  Размер: 0x03 0x00
  CRC: 0x00
  Первые 16 байт: 55550102F46600190008000300000F33
  ... и еще 94 байт

Пакет #49 [13:17:26.380]
HEX: 55550201FA0500080000660070
Длина: 13 байт
  Длина: 13 байт
  Маркер: 5555
  Адрес назначения: 0x02
  Адрес отправителя: 0x01
  Счетчик пакетов: 0xFA
  Длина пакетов: 0x05
  Функция: 0x08
  Адр: 0x00 0x00
  Размер: 0x00 0x66
  CRC: 0x70
  Первые 13 байт: 55550201FA0500080000660070

Пакет #50 [13:17:26.518]
HEX: 55550102FA6600190008000300000F330100000000000000000000000000000FF8EE47C3F8EE47C3F8EE47C3F8EE47C33BB47F40493A803A493A803A493A803A000001423BB47F40493A803A493A803A493A803AFDEE47C3FDEE47C3FDEE47C3FDEE47C30F0000000021AE783F0F
Длина: 110 байт
  Длина: 110 байт
  Маркер: 5555
  Адрес назначения: 0x01
  Адрес отправителя: 0x02
  Счетчик пакетов: 0xFA
  Длина пакетов: 0x66
  Функция: 0x19
  Адр: 0x08 0x00
  Размер: 0x03 0x00
  CRC: 0x00
  Первые 16 байт: 55550102FA6600190008000300000F33
  ... и еще 94 байт

Пакет #51 [13:17:26.540]
HEX: 55550201000500080000660076
Длина: 13 байт
  Длина: 13 байт
  Маркер: 5555
  Адрес назначения: 0x02
  Адрес отправителя: 0x01
  Счетчик пакетов: 0x00
  Длина пакетов: 0x05
  Функция: 0x08
  Адр: 0x00 0x00
  Размер: 0x00 0x66
  CRC: 0x76
  Первые 13 байт: 55550201000500080000660076

Пакет #52 [13:17:26.680]
HEX: 55550102006600190008000300000F330100000000000000000000000000000FF8EE47C3F8EE47C3F8EE47C3F8EE47C33BB47F40493A803A493A803A493A803A000001423BB47F40493A803A493A803A493A803AFDEE47C3FDEE47C3FDEE47C3FDEE47C30F0000000021AE783F15
Длина: 110 байт
  Длина: 110 байт
  Маркер: 5555
  Адрес назначения: 0x01
  Адрес отправителя: 0x02
  Счетчик пакетов: 0x00
  Длина пакетов: 0x66
  Функция: 0x19
  Адр: 0x08 0x00
  Размер: 0x03 0x00
  CRC: 0x00
  Первые 16 байт: 55550102006600190008000300000F33
  ... и еще 94 байт

Пакет #53 [13:17:26.702]
HEX: 5555020106050008000066007C
Длина: 13 байт
  Длина: 13 байт
  Маркер: 5555
  Адрес назначения: 0x02
  Адрес отправителя: 0x01
  Счетчик пакетов: 0x06
  Длина пакетов: 0x05
  Функция: 0x08
  Адр: 0x00 0x00
  Размер: 0x00 0x66
  CRC: 0x7C
  Первые 13 байт: 5555020106050008000066007C

Пакет #54 [13:17:26.839]
HEX: 55550102066600190008000300000F330100000000000000000000000000000FF8EE47C3F8EE47C3F8EE47C3F8EE47C33BB47F40493A803A493A803A493A803A000001423BB47F40493A803A493A803A493A803AFDEE47C3FDEE47C3FDEE47C3FDEE47C30F0000000021AE783F1B
Длина: 110 байт
  Длина: 110 байт
  Маркер: 5555
  Адрес назначения: 0x01
  Адрес отправителя: 0x02
  Счетчик пакетов: 0x06
  Длина пакетов: 0x66
  Функция: 0x19
  Адр: 0x08 0x00
  Размер: 0x03 0x00
  CRC: 0x00
  Первые 16 байт: 55550102066600190008000300000F33
  ... и еще 94 байт

Пакет #55 [13:17:26.861]
HEX: 555502010B0500080000660081
Длина: 13 байт
  Длина: 13 байт
  Маркер: 5555
  Адрес назначения: 0x02
  Адрес отправителя: 0x01
  Счетчик пакетов: 0x0B
  Длина пакетов: 0x05
  Функция: 0x08
  Адр: 0x00 0x00
  Размер: 0x00 0x66
  CRC: 0x81
  Первые 13 байт: 555502010B0500080000660081

Пакет #56 [13:17:26.998]
HEX: 555501020B6600190008000300000F330100000000000000000000000000000FF8EE47C3F8EE47C3F8EE47C3F8EE47C337AC7F40493A803A493A803A493A003A0000014237AC7F40493A803A493A803A493A003AFDEE47C3FDEE47C3FDEE47C3FDEE47C30F0000000021AE783F08
Длина: 110 байт
  Длина: 110 байт
  Маркер: 5555
  Адрес назначения: 0x01
  Адрес отправителя: 0x02
  Счетчик пакетов: 0x0B
  Длина пакетов: 0x66
  Функция: 0x19
  Адр: 0x08 0x00
  Размер: 0x03 0x00
  CRC: 0x00
  Первые 16 байт: 555501020B6600190008000300000F33
  ... и еще 94 байт

Пакет #57 [13:17:27.008]
HEX: 55550201100500080000660086
Длина: 13 байт
  Длина: 13 байт
  Маркер: 5555
  Адрес назначения: 0x02
  Адрес отправителя: 0x01
  Счетчик пакетов: 0x10
  Длина пакетов: 0x05
  Функция: 0x08
  Адр: 0x00 0x00
  Размер: 0x00 0x66
  CRC: 0x86
  Первые 13 байт: 55550201100500080000660086

Пакет #58 [13:17:27.161]
HEX: 55550102106600190008000300000F330100000000000000000000000000000FF8EE47C3F8EE47C3F8EE47C3F8EE47C337AC7F40493A803A493A803A493A003A0000014237AC7F40493A803A493A803A493A003AFDEE47C3FDEE47C3FDEE47C3FDEE47C30F0000000021AE783F0D
Длина: 110 байт
  Длина: 110 байт
  Маркер: 5555
  Адрес назначения: 0x01
  Адрес отправителя: 0x02
  Счетчик пакетов: 0x10
  Длина пакетов: 0x66
  Функция: 0x19
  Адр: 0x08 0x00
  Размер: 0x03 0x00
  CRC: 0x00
  Первые 16 байт: 55550102106600190008000300000F33
  ... и еще 94 байт

Пакет #59 [13:17:27.173]
HEX: 5555020116050008000066008C
Длина: 13 байт
  Длина: 13 байт
  Маркер: 5555
  Адрес назначения: 0x02
  Адрес отправителя: 0x01
  Счетчик пакетов: 0x16
  Длина пакетов: 0x05
  Функция: 0x08
  Адр: 0x00 0x00
  Размер: 0x00 0x66
  CRC: 0x8C
  Первые 13 байт: 5555020116050008000066008C

Пакет #60 [13:17:27.317]
HEX: 555501021666001900080003000010330100000000000000000000000000000FF8EE47C3F8EE47C3F8EE47C3F8EE47C337AC7F40493A803A493A803A493A003A0000014237AC7F40493A803A493A803A493A003AFDEE47C3FDEE47C3FDEE47C3FDEE47C30F0000000021AE783F14
Длина: 110 байт
  Длина: 110 байт
  Маркер: 5555
  Адрес назначения: 0x01
  Адрес отправителя: 0x02
  Счетчик пакетов: 0x16
  Длина пакетов: 0x66
  Функция: 0x19
  Адр: 0x08 0x00
  Размер: 0x03 0x00
  CRC: 0x00
  Первые 16 байт: 55550102166600190008000300001033
  ... и еще 94 байт

Пакет #61 [13:17:27.328]
HEX: 555502011C0500080000660092
Длина: 13 байт
  Длина: 13 байт
  Маркер: 5555
  Адрес назначения: 0x02
  Адрес отправителя: 0x01
  Счетчик пакетов: 0x1C
  Длина пакетов: 0x05
  Функция: 0x08
  Адр: 0x00 0x00
  Размер: 0x00 0x66
  CRC: 0x92
  Первые 13 байт: 555502011C0500080000660092

Пакет #62 [13:17:27.477]
HEX: 555501021C66001900080003000010330100000000000000000000000000000FF8EE47C3F8EE47C3F8EE47C3F8EE47C337AC7F40493A803A493A803A493A003A0000014237AC7F40493A803A493A803A493A003AFDEE47C3FDEE47C3FDEE47C3FDEE47C30F0000000021AE783F1A
Длина: 110 байт
  Длина: 110 байт
  Маркер: 5555
  Адрес назначения: 0x01
  Адрес отправителя: 0x02
  Счетчик пакетов: 0x1C
  Длина пакетов: 0x66
  Функция: 0x19
  Адр: 0x08 0x00
  Размер: 0x03 0x00
  CRC: 0x00
  Первые 16 байт: 555501021C6600190008000300001033
  ... и еще 94 байт

Пакет #63 [13:17:27.489]
HEX: 55550201220500080000660098
Длина: 13 байт
  Длина: 13 байт
  Маркер: 5555
  Адрес назначения: 0x02
  Адрес отправителя: 0x01
  Счетчик пакетов: 0x22
  Длина пакетов: 0x05
  Функция: 0x08
  Адр: 0x00 0x00
  Размер: 0x00 0x66
  CRC: 0x98
  Первые 13 байт: 55550201220500080000660098

Пакет #64 [13:17:27.649]
HEX: 555501022266001900080003000010330100000000000000000000000000000FF8EE47C3F8EE47C3F8EE47C3F8EE47C337AC7F40493A803A493A803A493A003A3303014237AC7F40493A803A493A803A493A003AFDEE47C3FDEE47C3FDEE47C3FDEE47C30F0000000021AE783F56
Длина: 110 байт
  Длина: 110 байт
  Маркер: 5555
  Адрес назначения: 0x01
  Адрес отправителя: 0x02
  Счетчик пакетов: 0x22
  Длина пакетов: 0x66
  Функция: 0x19
  Адр: 0x08 0x00
  Размер: 0x03 0x00
  CRC: 0x00
  Первые 16 байт: 55550102226600190008000300001033
  ... и еще 94 байт

Пакет #65 [13:17:27.650]
HEX: 5555020128050008000066009E
Длина: 13 байт
  Длина: 13 байт
  Маркер: 5555
  Адрес назначения: 0x02
  Адрес отправителя: 0x01
  Счетчик пакетов: 0x28
  Длина пакетов: 0x05
  Функция: 0x08
  Адр: 0x00 0x00
  Размер: 0x00 0x66
  CRC: 0x9E
  Первые 13 байт: 5555020128050008000066009E

Пакет #66 [13:17:27.803]
HEX: 555501022866001900080003000010330100000000000000000000000000000FF8EE47C3F8EE47C3F8EE47C3F8EE47C337AC7F406E57C03A493A803A493A803A3303014237AC7F406E57C03A493A803A493A803AFDEE47C3FDEE47C3FDEE47C3FDEE47C30F0000000021AE783F60
Длина: 110 байт
  Длина: 110 байт
  Маркер: 5555
  Адрес назначения: 0x01
  Адрес отправителя: 0x02
  Счетчик пакетов: 0x28
  Длина пакетов: 0x66
  Функция: 0x19
  Адр: 0x08 0x00
  Размер: 0x03 0x00
  CRC: 0x00
  Первые 16 байт: 55550102286600190008000300001033
  ... и еще 94 байт

Пакет #67 [13:17:27.814]
HEX: 555502012D05000800006600A3
Длина: 13 байт
  Длина: 13 байт
  Маркер: 5555
  Адрес назначения: 0x02
  Адрес отправителя: 0x01
  Счетчик пакетов: 0x2D
  Длина пакетов: 0x05
  Функция: 0x08
  Адр: 0x00 0x00
  Размер: 0x00 0x66
  CRC: 0xA3
  Первые 13 байт: 555502012D05000800006600A3

Пакет #68 [13:17:27.963]
HEX: 555501022D66001900080003000010330100000000000000000000000000000FF8EE47C3F8EE47C3F8EE47C3F8EE47C337AC7F406E57C03A493A803A493A803A3303014237AC7F406E57C03A493A803A493A803AFDEE47C3FDEE47C3FDEE47C3FDEE47C30F0000000021AE783F65
Длина: 110 байт
  Длина: 110 байт
  Маркер: 5555
  Адрес назначения: 0x01
  Адрес отправителя: 0x02
  Счетчик пакетов: 0x2D
  Длина пакетов: 0x66
  Функция: 0x19
  Адр: 0x08 0x00
  Размер: 0x03 0x00
  CRC: 0x00
  Первые 16 байт: 555501022D6600190008000300001033
  ... и еще 94 байт

Пакет #69 [13:17:27.974]
HEX: 555502013205000800006600A8
Длина: 13 байт
  Длина: 13 байт
  Маркер: 5555
  Адрес назначения: 0x02
  Адрес отправителя: 0x01
  Счетчик пакетов: 0x32
  Длина пакетов: 0x05
  Функция: 0x08
  Адр: 0x00 0x00
  Размер: 0x00 0x66
  CRC: 0xA8
  Первые 13 байт: 555502013205000800006600A8

Пакет #70 [13:17:28.118]
HEX: 555501023266001900080003000010330100000000000000000000000000000FF8EE47C3F8EE47C3F8EE47C3F8EE47C337AC7F40493A803A493A803A493A803A3303014237AC7F40493A803A493A803A493A803AFDEE47C3FDEE47C3FDEE47C3FDEE47C30F0000000021AE783F66
Длина: 110 байт
  Длина: 110 байт
  Маркер: 5555
  Адрес назначения: 0x01
  Адрес отправителя: 0x02
  Счетчик пакетов: 0x32
  Длина пакетов: 0x66
  Функция: 0x19
  Адр: 0x08 0x00
  Размер: 0x03 0x00
  CRC: 0x00
  Первые 16 байт: 55550102326600190008000300001033
  ... и еще 94 байт

Пакет #71 [13:17:28.131]
HEX: 555502013905000800006600AF
Длина: 13 байт
  Длина: 13 байт
  Маркер: 5555
  Адрес назначения: 0x02
  Адрес отправителя: 0x01
  Счетчик пакетов: 0x39
  Длина пакетов: 0x05
  Функция: 0x08
  Адр: 0x00 0x00
  Размер: 0x00 0x66
  CRC: 0xAF
  Первые 13 байт: 555502013905000800006600AF

Пакет #72 [13:17:28.283]
HEX: 555501023966001900080003000011330100000000000000000000000000000FF8EE47C3F8EE47C3F8EE47C3F8EE47C337AC7F40493A803A493A803A493A803A3303014237AC7F40493A803A493A803A493A803AFDEE47C3FDEE47C3FDEE47C3FDEE47C30F0000000021AE783F6E
Длина: 110 байт
  Длина: 110 байт
  Маркер: 5555
  Адрес назначения: 0x01
  Адрес отправителя: 0x02
  Счетчик пакетов: 0x39
  Длина пакетов: 0x66
  Функция: 0x19
  Адр: 0x08 0x00
  Размер: 0x03 0x00
  CRC: 0x00
  Первые 16 байт: 55550102396600190008000300001133
  ... и еще 94 байт

Пакет #73 [13:17:28.294]
HEX: 555502013E05000800006600B4
Длина: 13 байт
  Длина: 13 байт
  Маркер: 5555
  Адрес назначения: 0x02
  Адрес отправителя: 0x01
  Счетчик пакетов: 0x3E
  Длина пакетов: 0x05
  Функция: 0x08
  Адр: 0x00 0x00
  Размер: 0x00 0x66
  CRC: 0xB4
  Первые 13 байт: 555502013E05000800006600B4

Пакет #74 [13:17:28.441]
HEX: 555501023E66001900080003000011330100000000000000000000000000000FF8EE47C3F8EE47C3F8EE47C3F8EE47C337AC7F40493A803A493A803A493A803A3303014237AC7F40493A803A493A803A493A803AFDEE47C3FDEE47C3FDEE47C3FDEE47C30F0000000021AE783F73
Длина: 110 байт
  Длина: 110 байт
  Маркер: 5555
  Адрес назначения: 0x01
  Адрес отправителя: 0x02
  Счетчик пакетов: 0x3E
  Длина пакетов: 0x66
  Функция: 0x19
  Адр: 0x08 0x00
  Размер: 0x03 0x00
  CRC: 0x00
  Первые 16 байт: 555501023E6600190008000300001133
  ... и еще 94 байт

Пакет #75 [13:17:28.458]
HEX: 555502014405000800006600BA
Длина: 13 байт
  Длина: 13 байт
  Маркер: 5555
  Адрес назначения: 0x02
  Адрес отправителя: 0x01
  Счетчик пакетов: 0x44
  Длина пакетов: 0x05
  Функция: 0x08
  Адр: 0x00 0x00
  Размер: 0x00 0x66
  CRC: 0xBA
  Первые 13 байт: 555502014405000800006600BA

Пакет #76 [13:17:28.600]
HEX: 555501024466001900080003000011330100000000000000000000000000000FF8EE47C3F8EE47C3F8EE47C3F8EE47C337AC7F40493A803A493A003A493A003A3303014237AC7F40493A803A493A003A493A003AFDEE47C3FDEE47C3FDEE47C3FDEE47C30F0000000021AE783F79
Длина: 110 байт
  Длина: 110 байт
  Маркер: 5555
  Адрес назначения: 0x01
  Адрес отправителя: 0x02
  Счетчик пакетов: 0x44
  Длина пакетов: 0x66
  Функция: 0x19
  Адр: 0x08 0x00
  Размер: 0x03 0x00
  CRC: 0x00
  Первые 16 байт: 55550102446600190008000300001133
  ... и еще 94 байт

Пакет #77 [13:17:28.622]
HEX: 555502014905000800006600BF
Длина: 13 байт
  Длина: 13 байт
  Маркер: 5555
  Адрес назначения: 0x02
  Адрес отправителя: 0x01
  Счетчик пакетов: 0x49
  Длина пакетов: 0x05
  Функция: 0x08
  Адр: 0x00 0x00
  Размер: 0x00 0x66
  CRC: 0xBF
  Первые 13 байт: 555502014905000800006600BF

Пакет #78 [13:17:28.759]
HEX: 555501024966001900080003000011330100000000000000000000000000000FF8EE47C3F8EE47C3F8EE47C3F8EE47C337AC7F40493A803A493A003A493A003A0000014237AC7F40493A803A493A003A493A003AFDEE47C3FDEE47C3FDEE47C3FDEE47C30F0000000021AE783F48
Длина: 110 байт
  Длина: 110 байт
  Маркер: 5555
  Адрес назначения: 0x01
  Адрес отправителя: 0x02
  Счетчик пакетов: 0x49
  Длина пакетов: 0x66
  Функция: 0x19
  Адр: 0x08 0x00
  Размер: 0x03 0x00
  CRC: 0x00
  Первые 16 байт: 55550102496600190008000300001133
  ... и еще 94 байт

Пакет #79 [13:17:28.776]
HEX: 555502014F05000800006600C5
Длина: 13 байт
  Длина: 13 байт
  Маркер: 5555
  Адрес назначения: 0x02
  Адрес отправителя: 0x01
  Счетчик пакетов: 0x4F
  Длина пакетов: 0x05
  Функция: 0x08
  Адр: 0x00 0x00
  Размер: 0x00 0x66
  CRC: 0xC5
  Первые 13 байт: 555502014F05000800006600C5

Пакет #80 [13:17:28.926]
HEX: 555501024F66001900080003000011330100000000000000000000000000000FF8EE47C3F8EE47C3F8EE47C3F8EE47C337AC7F40493A803A493A003A493A003A0000014237AC7F40493A803A493A003A493A003AFDEE47C3FDEE47C3FDEE47C3FDEE47C30F0000000021AE783F4E
Длина: 110 байт
  Длина: 110 байт
  Маркер: 5555
  Адрес назначения: 0x01
  Адрес отправителя: 0x02
  Счетчик пакетов: 0x4F
  Длина пакетов: 0x66
  Функция: 0x19
  Адр: 0x08 0x00
  Размер: 0x03 0x00
  CRC: 0x00
  Первые 16 байт: 555501024F6600190008000300001133
  ... и еще 94 байт

Пакет #81 [13:17:28.943]
HEX: 555502015405000800006600CA
Длина: 13 байт
  Длина: 13 байт
  Маркер: 5555
  Адрес назначения: 0x02
  Адрес отправителя: 0x01
  Счетчик пакетов: 0x54
  Длина пакетов: 0x05
  Функция: 0x08
  Адр: 0x00 0x00
  Размер: 0x00 0x66
  CRC: 0xCA
  Первые 13 байт: 555502015405000800006600CA

Пакет #82 [13:17:29.076]
HEX: 555501025466001900080003000011330100000000000000000000000000000FF8EE47C3F8EE47C3F8EE47C3F8EE47C337AC7F40493A803A493A803A493A003A0000014237AC7F40493A803A493A803A493A003AFDEE47C3FDEE47C3FDEE47C3FDEE47C30F0000000021AE783F53
Длина: 110 байт
  Длина: 110 байт
  Маркер: 5555
  Адрес назначения: 0x01
  Адрес отправителя: 0x02
  Счетчик пакетов: 0x54
  Длина пакетов: 0x66
  Функция: 0x19
  Адр: 0x08 0x00
  Размер: 0x03 0x00
  CRC: 0x00
  Первые 16 байт: 55550102546600190008000300001133
  ... и еще 94 байт

Пакет #83 [13:17:29.088]
HEX: 555502015A05000800006600D0
Длина: 13 байт
  Длина: 13 байт
  Маркер: 5555
  Адрес назначения: 0x02
  Адрес отправителя: 0x01
  Счетчик пакетов: 0x5A
  Длина пакетов: 0x05
  Функция: 0x08
  Адр: 0x00 0x00
  Размер: 0x00 0x66
  CRC: 0xD0
  Первые 13 байт: 555502015A05000800006600D0

Пакет #84 [13:17:29.236]
HEX: 555501025A66001900080003000012330100000000000000000000000000000FF8EE47C3F8EE47C3F8EE47C3F8EE47C337AC7F40493A803A493A803A493A003A0000014237AC7F40493A803A493A803A493A003AFDEE47C3FDEE47C3FDEE47C3FDEE47C30F0000000021AE783F5A
Длина: 110 байт
  Длина: 110 байт
  Маркер: 5555
  Адрес назначения: 0x01
  Адрес отправителя: 0x02
  Счетчик пакетов: 0x5A
  Длина пакетов: 0x66
  Функция: 0x19
  Адр: 0x08 0x00
  Размер: 0x03 0x00
  CRC: 0x00
  Первые 16 байт: 555501025A6600190008000300001233
  ... и еще 94 байт

Пакет #85 [13:17:29.248]
HEX: 555502016105000800006600D7
Длина: 13 байт
  Длина: 13 байт
  Маркер: 5555
  Адрес назначения: 0x02
  Адрес отправителя: 0x01
  Счетчик пакетов: 0x61
  Длина пакетов: 0x05
  Функция: 0x08
  Адр: 0x00 0x00
  Размер: 0x00 0x66
  CRC: 0xD7
  Первые 13 байт: 555502016105000800006600D7

Пакет #86 [13:17:29.400]
HEX: 555501026166001900080003000012330100000000000000000000000000000FF8EE47C3F8EE47C3F8EE47C3F8EE47C33BB47F406E57C03A493A803A493A803A000001423BB47F406E57C03A493A803A493A803AFDEE47C3FDEE47C3FDEE47C3FDEE47C30F0000000021AE783F7D
Длина: 110 байт
  Длина: 110 байт
  Маркер: 5555
  Адрес назначения: 0x01
  Адрес отправителя: 0x02
  Счетчик пакетов: 0x61
  Длина пакетов: 0x66
  Функция: 0x19
  Адр: 0x08 0x00
  Размер: 0x03 0x00
  CRC: 0x00
  Первые 16 байт: 55550102616600190008000300001233
  ... и еще 94 байт

Пакет #87 [13:17:29.411]
HEX: 555502016505000800006600DB
Длина: 13 байт
  Длина: 13 байт
  Маркер: 5555
  Адрес назначения: 0x02
  Адрес отправителя: 0x01
  Счетчик пакетов: 0x65
  Длина пакетов: 0x05
  Функция: 0x08
  Адр: 0x00 0x00
  Размер: 0x00 0x66
  CRC: 0xDB
  Первые 13 байт: 555502016505000800006600DB

Пакет #88 [13:17:29.560]
HEX: 555501026566001900080003000012330100000000000000000000000000000FF8EE47C3F8EE47C3F8EE47C3F8EE47C33BB47F406E57C03A493A803A493A803A000001423BB47F406E57C03A493A803A493A803AFDEE47C3FDEE47C3FDEE47C3FDEE47C30F0000000021AE783F81
Длина: 110 байт
  Длина: 110 байт
  Маркер: 5555
  Адрес назначения: 0x01
  Адрес отправителя: 0x02
  Счетчик пакетов: 0x65
  Длина пакетов: 0x66
  Функция: 0x19
  Адр: 0x08 0x00
  Размер: 0x03 0x00
  CRC: 0x00
  Первые 16 байт: 55550102656600190008000300001233
  ... и еще 94 байт

Пакет #89 [13:17:29.571]
HEX: 555502016B05000800006600E1
Длина: 13 байт
  Длина: 13 байт
  Маркер: 5555
  Адрес назначения: 0x02
  Адрес отправителя: 0x01
  Счетчик пакетов: 0x6B
  Длина пакетов: 0x05
  Функция: 0x08
  Адр: 0x00 0x00
  Размер: 0x00 0x66
  CRC: 0xE1
  Первые 13 байт: 555502016B05000800006600E1

Пакет #90 [13:17:29.720]
HEX: 555501026B66001900080003000012330100000000000000000000000000000FF8EE47C3F8EE47C3F8EE47C3F8EE47C33BB47F406E57C03A493A803A493A803A330301423BB47F406E57C03A493A803A493A803AFDEE47C3FDEE47C3FDEE47C3FDEE47C30F0000000021AE783FBD
Длина: 110 байт
  Длина: 110 байт
  Маркер: 5555
  Адрес назначения: 0x01
  Адрес отправителя: 0x02
  Счетчик пакетов: 0x6B
  Длина пакетов: 0x66
  Функция: 0x19
  Адр: 0x08 0x00
  Размер: 0x03 0x00
  CRC: 0x00
  Первые 16 байт: 555501026B6600190008000300001233
  ... и еще 94 байт

Пакет #91 [13:17:29.731]
HEX: 555502017005000800006600E6
Длина: 13 байт
  Длина: 13 байт
  Маркер: 5555
  Адрес назначения: 0x02
  Адрес отправителя: 0x01
  Счетчик пакетов: 0x70
  Длина пакетов: 0x05
  Функция: 0x08
  Адр: 0x00 0x00
  Размер: 0x00 0x66
  CRC: 0xE6
  Первые 13 байт: 555502017005000800006600E6

Пакет #92 [13:17:29.880]
HEX: 555501027066001900080003000012330100000000000000000000000000000FF8EE47C3F8EE47C3F8EE47C3F8EE47C33BB47F406E57C03A6E57C03A6E57C03A330301423BB47F406E57C03A6E57C03A6E57C03AFDEE47C3FDEE47C3FDEE47C3FDEE47C30F0000000021AE783FCA
Длина: 110 байт
  Длина: 110 байт
  Маркер: 5555
  Адрес назначения: 0x01
  Адрес отправителя: 0x02
  Счетчик пакетов: 0x70
  Длина пакетов: 0x66
  Функция: 0x19
  Адр: 0x08 0x00
  Размер: 0x03 0x00
  CRC: 0x00
  Первые 16 байт: 55550102706600190008000300001233
  ... и еще 94 байт

Пакет #93 [13:17:29.892]
HEX: 555502017505000800006600EB
Длина: 13 байт
  Длина: 13 байт
  Маркер: 5555
  Адрес назначения: 0x02
  Адрес отправителя: 0x01
  Счетчик пакетов: 0x75
  Длина пакетов: 0x05
  Функция: 0x08
  Адр: 0x00 0x00
  Размер: 0x00 0x66
  CRC: 0xEB
  Первые 13 байт: 555502017505000800006600EB

Пакет #94 [13:17:30.041]
HEX: 555501027566001900080003000012330100000000000000000000000000000FF8EE47C3F8EE47C3F8EE47C3F8EE47C33BB47F406E57C03A6E57C03A6E57C03A330301423BB47F406E57C03A6E57C03A6E57C03AFDEE47C3FDEE47C3FDEE47C3FDEE47C30F0000000021AE783FCF
Длина: 110 байт
  Длина: 110 байт
  Маркер: 5555
  Адрес назначения: 0x01
  Адрес отправителя: 0x02
  Счетчик пакетов: 0x75
  Длина пакетов: 0x66
  Функция: 0x19
  Адр: 0x08 0x00
  Размер: 0x03 0x00
  CRC: 0x00
  Первые 16 байт: 55550102756600190008000300001233
  ... и еще 94 байт

Пакет #95 [13:17:30.053]
HEX: 555502017C05000800006600F2
Длина: 13 байт
  Длина: 13 байт
  Маркер: 5555
  Адрес назначения: 0x02
  Адрес отправителя: 0x01
  Счетчик пакетов: 0x7C
  Длина пакетов: 0x05
  Функция: 0x08
  Адр: 0x00 0x00
  Размер: 0x00 0x66
  CRC: 0xF2
  Первые 13 байт: 555502017C05000800006600F2

Пакет #96 [13:17:30.193]
HEX: 555501027C66001900080003000012330100000000000000000000000000000FF8EE47C3F8EE47C3F8EE47C3F8EE47C33BB47F406E57C03A493A803A493A803A330301423BB47F406E57C03A493A803A493A803AFDEE47C3FDEE47C3FDEE47C3FDEE47C30F0000000021AE783FCE
Длина: 110 байт
  Длина: 110 байт
  Маркер: 5555
  Адрес назначения: 0x01
  Адрес отправителя: 0x02
  Счетчик пакетов: 0x7C
  Длина пакетов: 0x66
  Функция: 0x19
  Адр: 0x08 0x00
  Размер: 0x03 0x00
  CRC: 0x00
  Первые 16 байт: 555501027C6600190008000300001233
  ... и еще 94 байт

Пакет #97 [13:17:30.210]
HEX: 555502018305000800006600F9
Длина: 13 байт
  Длина: 13 байт
  Маркер: 5555
  Адрес назначения: 0x02
  Адрес отправителя: 0x01
  Счетчик пакетов: 0x83
  Длина пакетов: 0x05
  Функция: 0x08
  Адр: 0x00 0x00
  Размер: 0x00 0x66
  CRC: 0xF9
  Первые 13 байт: 555502018305000800006600F9

Пакет #98 [13:17:30.361]
HEX: 555501028366001900080003000013330100000000000000000000000000000FF8EE47C3F8EE47C3F8EE47C3F8EE47C33BB47F406E57C03A493A803A493A803A330301423BB47F406E57C03A493A803A493A803AFDEE47C3FDEE47C3FDEE47C3FDEE47C30F0000000021AE783FD6
Длина: 110 байт
  Длина: 110 байт
  Маркер: 5555
  Адрес назначения: 0x01
  Адрес отправителя: 0x02
  Счетчик пакетов: 0x83
  Длина пакетов: 0x66
  Функция: 0x19
  Адр: 0x08 0x00
  Размер: 0x03 0x00
  CRC: 0x00
  Первые 16 байт: 55550102836600190008000300001333
  ... и еще 94 байт

Пакет #99 [13:17:30.379]
HEX: 555502018705000800006600FD
Длина: 13 байт
  Длина: 13 байт
  Маркер: 5555
  Адрес назначения: 0x02
  Адрес отправителя: 0x01
  Счетчик пакетов: 0x87
  Длина пакетов: 0x05
  Функция: 0x08
  Адр: 0x00 0x00
  Размер: 0x00 0x66
  CRC: 0xFD
  Первые 13 байт: 555502018705000800006600FD

Пакет #100 [13:17:30.512]
HEX: 555501028766001900080003000013330100000000000000000000000000000FF8EE47C3F8EE47C3F8EE47C3F8EE47C33BB47F406E57C03A493A803A493A803A330301423BB47F406E57C03A493A803A493A803AFDEE47C3FDEE47C3FDEE47C3FDEE47C30F0000000021AE783FDA
Длина: 110 байт
  Длина: 110 байт
  Маркер: 5555
  Адрес назначения: 0x01
  Адрес отправителя: 0x02
  Счетчик пакетов: 0x87
  Длина пакетов: 0x66
  Функция: 0x19
  Адр: 0x08 0x00
  Размер: 0x03 0x00
  CRC: 0x00
  Первые 16 байт: 55550102876600190008000300001333
  ... и еще 94 байт

Пакет #101 [13:17:30.528]
HEX: 555502018D0500080000660003
Длина: 13 байт
  Длина: 13 байт
  Маркер: 5555
  Адрес назначения: 0x02
  Адрес отправителя: 0x01
  Счетчик пакетов: 0x8D
  Длина пакетов: 0x05
  Функция: 0x08
  Адр: 0x00 0x00
  Размер: 0x00 0x66
  CRC: 0x03
  Первые 13 байт: 555502018D0500080000660003

Пакет #102 [13:17:30.689]
HEX: 555501028D66001900080003000013330100000000000000000000000000000FF8EE47C3F8EE47C3F8EE47C3F8EE47C32FAD7F402858C03AC63A803AC63A803A000001422FAD7F402858C03AC63A803AC63A803AFDEE47C3FDEE47C3FDEE47C3FDEE47C30F0000000012AF783FE0
Длина: 110 байт
  Длина: 110 байт
  Маркер: 5555
  Адрес назначения: 0x01
  Адрес отправителя: 0x02
  Счетчик пакетов: 0x8D
  Длина пакетов: 0x66
  Функция: 0x19
  Адр: 0x08 0x00
  Размер: 0x03 0x00
  CRC: 0x00
  Первые 16 байт: 555501028D6600190008000300001333
  ... и еще 94 байт

Пакет #103 [13:17:30.690]
HEX: 55550201920500080000660008
Длина: 13 байт
  Длина: 13 байт
  Маркер: 5555
  Адрес назначения: 0x02
  Адрес отправителя: 0x01
  Счетчик пакетов: 0x92
  Длина пакетов: 0x05
  Функция: 0x08
  Адр: 0x00 0x00
  Размер: 0x00 0x66
  CRC: 0x08
  Первые 13 байт: 55550201920500080000660008

Пакет #104 [13:17:30.836]
HEX: 555501029266001900080003000013330100000000000000000000000000000FF8EE47C3F8EE47C3F8EE47C3F8EE47C32FAD7F402858C03AC63A803AC63A803A000001422FAD7F402858C03AC63A803AC63A803AFDEE47C3FDEE47C3FDEE47C3FDEE47C30F0000000012AF783FE5
Длина: 110 байт
  Длина: 110 байт
  Маркер: 5555
  Адрес назначения: 0x01
  Адрес отправителя: 0x02
  Счетчик пакетов: 0x92
  Длина пакетов: 0x66
  Функция: 0x19
  Адр: 0x08 0x00
  Размер: 0x03 0x00
  CRC: 0x00
  Первые 16 байт: 55550102926600190008000300001333
  ... и еще 94 байт

Пакет #105 [13:17:30.847]
HEX: 5555020197050008000066000D
Длина: 13 байт
  Длина: 13 байт
  Маркер: 5555
  Адрес назначения: 0x02
  Адрес отправителя: 0x01
  Счетчик пакетов: 0x97
  Длина пакетов: 0x05
  Функция: 0x08
  Адр: 0x00 0x00
  Размер: 0x00 0x66
  CRC: 0x0D
  Первые 13 байт: 5555020197050008000066000D

Пакет #106 [13:17:30.997]
HEX: 555501029766001900080003000013330100000000000000000000000000000FF8EE47C3F8EE47C3F8EE47C3F8EE47C32FAD7F402858C03AC63A803AC63A803A000001422FAD7F402858C03AC63A803AC63A803AFDEE47C3FDEE47C3FDEE47C3FDEE47C30F0000000012AF783FEA
Длина: 110 байт
  Длина: 110 байт
  Маркер: 5555
  Адрес назначения: 0x01
  Адрес отправителя: 0x02
  Счетчик пакетов: 0x97
  Длина пакетов: 0x66
  Функция: 0x19
  Адр: 0x08 0x00
  Размер: 0x03 0x00
  CRC: 0x00
  Первые 16 байт: 55550102976600190008000300001333
  ... и еще 94 байт

Пакет #107 [13:17:31.009]
HEX: 555502019E0500080000660014
Длина: 13 байт
  Длина: 13 байт
  Маркер: 5555
  Адрес назначения: 0x02
  Адрес отправителя: 0x01
  Счетчик пакетов: 0x9E
  Длина пакетов: 0x05
  Функция: 0x08
  Адр: 0x00 0x00
  Размер: 0x00 0x66
  CRC: 0x14
  Первые 13 байт: 555502019E0500080000660014

Пакет #108 [13:17:31.155]
HEX: 555501029E66001900080003000013330100000000000000000000000000000FF8EE47C3F8EE47C3F8EE47C3F8EE47C3B6B47F40CB57C03A873A803A873A803A00000142B6B47F40CB57C03A873A803A873A803AFDEE47C3FDEE47C3FDEE47C3FDEE47C30F0000000099AE783FDB
Длина: 110 байт
  Длина: 110 байт
  Маркер: 5555
  Адрес назначения: 0x01
  Адрес отправителя: 0x02
  Счетчик пакетов: 0x9E
  Длина пакетов: 0x66
  Функция: 0x19
  Адр: 0x08 0x00
  Размер: 0x03 0x00
  CRC: 0x00
  Первые 16 байт: 555501029E6600190008000300001333
  ... и еще 94 байт

Пакет #109 [13:17:31.166]
HEX: 55550201A4050008000066001A
Длина: 13 байт
  Длина: 13 байт
  Маркер: 5555
  Адрес назначения: 0x02
  Адрес отправителя: 0x01
  Счетчик пакетов: 0xA4
  Длина пакетов: 0x05
  Функция: 0x08
  Адр: 0x00 0x00
  Размер: 0x00 0x66
  CRC: 0x1A
  Первые 13 байт: 55550201A4050008000066001A

Пакет #110 [13:17:31.322]
HEX: 55550102A466001900080003000014330100000000000000000000000000000FF8EE47C3F8EE47C3F8EE47C3F8EE47C3B6B47F40CB57C03A873A803A873A803A00000142B6B47F40CB57C03A873A803A873A803AFDEE47C3FDEE47C3FDEE47C3FDEE47C30F0000000099AE783FE2
Длина: 110 байт
  Длина: 110 байт
  Маркер: 5555
  Адрес назначения: 0x01
  Адрес отправителя: 0x02
  Счетчик пакетов: 0xA4
  Длина пакетов: 0x66
  Функция: 0x19
  Адр: 0x08 0x00
  Размер: 0x03 0x00
  CRC: 0x00
  Первые 16 байт: 55550102A46600190008000300001433
  ... и еще 94 байт

Пакет #111 [13:17:31.338]
HEX: 55550201AA0500080000660020
Длина: 13 байт
  Длина: 13 байт
  Маркер: 5555
  Адрес назначения: 0x02
  Адрес отправителя: 0x01
  Счетчик пакетов: 0xAA
  Длина пакетов: 0x05
  Функция: 0x08
  Адр: 0x00 0x00
  Размер: 0x00 0x66
  CRC: 0x20
  Первые 13 байт: 55550201AA0500080000660020

Пакет #112 [13:17:31.479]
HEX: 55550102AA66001900080003000014330100000000000000000000000000000FF8EE47C3F8EE47C3F8EE47C3F8EE47C379B47F409C57C03A9C57C03A683A803A0000014279B47F409C57C03A9C57C03A683A803AFDEE47C3FDEE47C3FDEE47C3FDEE47C30F000000005DAE783F7A
Длина: 110 байт
  Длина: 110 байт
  Маркер: 5555
  Адрес назначения: 0x01
  Адрес отправителя: 0x02
  Счетчик пакетов: 0xAA
  Длина пакетов: 0x66
  Функция: 0x19
  Адр: 0x08 0x00
  Размер: 0x03 0x00
  CRC: 0x00
  Первые 16 байт: 55550102AA6600190008000300001433
  ... и еще 94 байт

Пакет #113 [13:17:31.490]
HEX: 55550201AF0500080000660025
Длина: 13 байт
  Длина: 13 байт
  Маркер: 5555
  Адрес назначения: 0x02
  Адрес отправителя: 0x01
  Счетчик пакетов: 0xAF
  Длина пакетов: 0x05
  Функция: 0x08
  Адр: 0x00 0x00
  Размер: 0x00 0x66
  CRC: 0x25
  Первые 13 байт: 55550201AF0500080000660025

Пакет #114 [13:17:31.637]
HEX: 55550102AF66001900080003000014330100000000000000000000000000000FF8EE47C3F8EE47C3F8EE47C3F8EE47C379B47F409C57C03A9C57C03A683A803A0000014279B47F409C57C03A9C57C03A683A803AFDEE47C3FDEE47C3FDEE47C3FDEE47C30F000000005DAE783F7F
Длина: 110 байт
  Длина: 110 байт
  Маркер: 5555
  Адрес назначения: 0x01
  Адрес отправителя: 0x02
  Счетчик пакетов: 0xAF
  Длина пакетов: 0x66
  Функция: 0x19
  Адр: 0x08 0x00
  Размер: 0x03 0x00
  CRC: 0x00
  Первые 16 байт: 55550102AF6600190008000300001433
  ... и еще 94 байт

Пакет #115 [13:17:31.649]
HEX: 55550201B4050008000066002A
Длина: 13 байт
  Длина: 13 байт
  Маркер: 5555
  Адрес назначения: 0x02
  Адрес отправителя: 0x01
  Счетчик пакетов: 0xB4
  Длина пакетов: 0x05
  Функция: 0x08
  Адр: 0x00 0x00
  Размер: 0x00 0x66
  CRC: 0x2A
  Первые 13 байт: 55550201B4050008000066002A

Пакет #116 [13:17:31.805]
HEX: 55550102B466001900080003000014330100000000000000000000000000000FF8EE47C3F8EE47C3F8EE47C3F8EE47C379B47F409C57C03A9C57C03A683A803A0000014279B47F409C57C03A9C57C03A683A803AFDEE47C3FDEE47C3FDEE47C3FDEE47C30F000000005DAE783F84
Длина: 110 байт
  Длина: 110 байт
  Маркер: 5555
  Адрес назначения: 0x01
  Адрес отправителя: 0x02
  Счетчик пакетов: 0xB4
  Длина пакетов: 0x66
  Функция: 0x19
  Адр: 0x08 0x00
  Размер: 0x03 0x00
  CRC: 0x00
  Первые 16 байт: 55550102B46600190008000300001433
  ... и еще 94 байт

Пакет #117 [13:17:31.816]
HEX: 55550201B9050008000066002F
Длина: 13 байт
  Длина: 13 байт
  Маркер: 5555
  Адрес назначения: 0x02
  Адрес отправителя: 0x01
  Счетчик пакетов: 0xB9
  Длина пакетов: 0x05
  Функция: 0x08
  Адр: 0x00 0x00
  Размер: 0x00 0x66
  CRC: 0x2F
  Первые 13 байт: 55550201B9050008000066002F

Пакет #118 [13:17:31.968]
HEX: 55550102B966001900080003000014330100000000000000000000000000000FF8EE47C3F8EE47C3F8EE47C3F8EE47C34EAD7F403F58C03AD53A803AD53A803A000001424EAD7F403F58C03AD53A803AD53A803AFDEE47C3FDEE47C3FDEE47C3FDEE47C30F0000000030AF783FD3
Длина: 110 байт
  Длина: 110 байт
  Маркер: 5555
  Адрес назначения: 0x01
  Адрес отправителя: 0x02
  Счетчик пакетов: 0xB9
  Длина пакетов: 0x66
  Функция: 0x19
  Адр: 0x08 0x00
  Размер: 0x03 0x00
  CRC: 0x00
  Первые 16 байт: 55550102B96600190008000300001433
  ... и еще 94 байт

Пакет #119 [13:17:31.969]
HEX: 55550201C00500080000660036
Длина: 13 байт
  Длина: 13 байт
  Маркер: 5555
  Адрес назначения: 0x02
  Адрес отправителя: 0x01
  Счетчик пакетов: 0xC0
  Длина пакетов: 0x05
  Функция: 0x08
  Адр: 0x00 0x00
  Размер: 0x00 0x66
  CRC: 0x36
  Первые 13 байт: 55550201C00500080000660036

Пакет #120 [13:17:32.124]
HEX: 55550102C066001900080003000014330100000000000000000000000000000FF8EE47C3F8EE47C3F8EE47C3F8EE47C34EAD7F403F58C03AD53A803AD53A803A000001424EAD7F403F58C03AD53A803AD53A803AFDEE47C3FDEE47C3FDEE47C3FDEE47C30F0000000030AF783FDA
Длина: 110 байт
  Длина: 110 байт
  Маркер: 5555
  Адрес назначения: 0x01
  Адрес отправителя: 0x02
  Счетчик пакетов: 0xC0
  Длина пакетов: 0x66
  Функция: 0x19
  Адр: 0x08 0x00
  Размер: 0x03 0x00
  CRC: 0x00
  Первые 16 байт: 55550102C06600190008000300001433
  ... и еще 94 байт

Пакет #121 [13:17:32.136]
HEX: 55550201C6050008000066003C
Длина: 13 байт
  Длина: 13 байт
  Маркер: 5555
  Адрес назначения: 0x02
  Адрес отправителя: 0x01
  Счетчик пакетов: 0xC6
  Длина пакетов: 0x05
  Функция: 0x08
  Адр: 0x00 0x00
  Размер: 0x00 0x66
  CRC: 0x3C
  Первые 13 байт: 55550201C6050008000066003C

Пакет #122 [13:17:32.279]
HEX: 55550102C666001900080003000015330100000000000000000000000000000FF8EE47C3F8EE47C3F8EE47C3F8EE47C3BFB57F409158C03A0C3B803A0C3B803A00000142BFB57F409158C03A0C3B803A0C3B803AFDEE47C3FDEE47C3FDEE47C3FDEE47C30F000000009AAF783FC1
Длина: 110 байт
  Длина: 110 байт
  Маркер: 5555
  Адрес назначения: 0x01
  Адрес отправителя: 0x02
  Счетчик пакетов: 0xC6
  Длина пакетов: 0x66
  Функция: 0x19
  Адр: 0x08 0x00
  Размер: 0x03 0x00
  CRC: 0x00
  Первые 16 байт: 55550102C66600190008000300001533
  ... и еще 94 байт

Пакет #123 [13:17:32.290]
HEX: 55550201CC0500080000660042
Длина: 13 байт
  Длина: 13 байт
  Маркер: 5555
  Адрес назначения: 0x02
  Адрес отправителя: 0x01
  Счетчик пакетов: 0xCC
  Длина пакетов: 0x05
  Функция: 0x08
  Адр: 0x00 0x00
  Размер: 0x00 0x66
  CRC: 0x42
  Первые 13 байт: 55550201CC0500080000660042

Пакет #124 [13:17:32.441]
HEX: 55550102CC66001900080003000015330100000000000000000000000000000FF8EE47C3F8EE47C3F8EE47C3F8EE47C3BFB57F409158C03A0C3B803A0C3B803A00000142BFB57F409158C03A0C3B803A0C3B803AFDEE47C3FDEE47C3FDEE47C3FDEE47C30F000000009AAF783FC7
Длина: 110 байт
  Длина: 110 байт
  Маркер: 5555
  Адрес назначения: 0x01
  Адрес отправителя: 0x02
  Счетчик пакетов: 0xCC
  Длина пакетов: 0x66
  Функция: 0x19
  Адр: 0x08 0x00
  Размер: 0x03 0x00
  CRC: 0x00
  Первые 16 байт: 55550102CC6600190008000300001533
  ... и еще 94 байт

Пакет #125 [13:17:32.452]
HEX: 55550201D10500080000660047
Длина: 13 байт
  Длина: 13 байт
  Маркер: 5555
  Адрес назначения: 0x02
  Адрес отправителя: 0x01
  Счетчик пакетов: 0xD1
  Длина пакетов: 0x05
  Функция: 0x08
  Адр: 0x00 0x00
  Размер: 0x00 0x66
  CRC: 0x47
  Первые 13 байт: 55550201D10500080000660047

Пакет #126 [13:17:32.598]
HEX: 55550102D166001900080003000015330100000000000000000000000000000FF8EE47C3F8EE47C3F8EE47C3F8EE47C3BFB57F409158C03A0C3B803A0C3B803A00000142BFB57F409158C03A0C3B803A0C3B803AFDEE47C3FDEE47C3FDEE47C3FDEE47C30F000000009AAF783FCC
Длина: 110 байт
  Длина: 110 байт
  Маркер: 5555
  Адрес назначения: 0x01
  Адрес отправителя: 0x02
  Счетчик пакетов: 0xD1
  Длина пакетов: 0x66
  Функция: 0x19
  Адр: 0x08 0x00
  Размер: 0x03 0x00
  CRC: 0x00
  Первые 16 байт: 55550102D16600190008000300001533
  ... и еще 94 байт

Пакет #127 [13:17:32.610]
HEX: 55550201D7050008000066004D
Длина: 13 байт
  Длина: 13 байт
  Маркер: 5555
  Адрес назначения: 0x02
  Адрес отправителя: 0x01
  Счетчик пакетов: 0xD7
  Длина пакетов: 0x05
  Функция: 0x08
  Адр: 0x00 0x00
  Размер: 0x00 0x66
  CRC: 0x4D
  Первые 13 байт: 55550201D7050008000066004D

Пакет #128 [13:17:32.754]
HEX: 55550102D766001900080003000015330100000000000000000000000000000FF8EE47C3F8EE47C3F8EE47C3F8EE47C3FCB47F40FF57C03AAA3A803AAA3A803A00000142FCB47F40FF57C03AAA3A803AAA3A803AFDEE47C3FDEE47C3FDEE47C3FDEE47C30F00000000DDAE783FDA
Длина: 110 байт
  Длина: 110 байт
  Маркер: 5555
  Адрес назначения: 0x01
  Адрес отправителя: 0x02
  Счетчик пакетов: 0xD7
  Длина пакетов: 0x66
  Функция: 0x19
  Адр: 0x08 0x00
  Размер: 0x03 0x00
  CRC: 0x00
  Первые 16 байт: 55550102D76600190008000300001533
  ... и еще 94 байт

Пакет #129 [13:17:32.776]
HEX: 55550201DB0500080000660051
Длина: 13 байт
  Длина: 13 байт
  Маркер: 5555
  Адрес назначения: 0x02
  Адрес отправителя: 0x01
  Счетчик пакетов: 0xDB
  Длина пакетов: 0x05
  Функция: 0x08
  Адр: 0x00 0x00
  Размер: 0x00 0x66
  CRC: 0x51
  Первые 13 байт: 55550201DB0500080000660051

Пакет #130 [13:17:32.919]
HEX: 55550102DB66001900080003000015330100000000000000000000000000000FF8EE47C3F8EE47C3F8EE47C3F8EE47C3FCB47F40FF57C03AAA3A803AAA3A803A00000142FCB47F40FF57C03AAA3A803AAA3A803AFDEE47C3FDEE47C3FDEE47C3FDEE47C30F00000000DDAE783FDE
Длина: 110 байт
  Длина: 110 байт
  Маркер: 5555
  Адрес назначения: 0x01
  Адрес отправителя: 0x02
  Счетчик пакетов: 0xDB
  Длина пакетов: 0x66
  Функция: 0x19
  Адр: 0x08 0x00
  Размер: 0x03 0x00
  CRC: 0x00
  Первые 16 байт: 55550102DB6600190008000300001533
  ... и еще 94 байт

Пакет #131 [13:17:32.931]
HEX: 55550201E10500080000660057
Длина: 13 байт
  Длина: 13 байт
  Маркер: 5555
  Адрес назначения: 0x02
  Адрес отправителя: 0x01
  Счетчик пакетов: 0xE1
  Длина пакетов: 0x05
  Функция: 0x08
  Адр: 0x00 0x00
  Размер: 0x00 0x66
  CRC: 0x57
  Первые 13 байт: 55550201E10500080000660057
======================================================================
ЗАВЕРШЕНИЕ СНИФФИНГА
Всего пакетов: 131
Время: 2026-08-12 13:17:32
Лог-файл: logs\sniff_20260812_131722.log
======================================================================
