======================================================================
СНИФФИНГ ПРОТОКОЛА (поиск маркера)
Порт: COM5
Скорость: 57600
Маркер: 5555
Начало: 2026-08-12 13:24:56
======================================================================

Пакет #1 [13:25:10.037]
HEX: 555512648905000800FD44004D
Длина: 13 байт
  Длина: 13 байт
  Маркер: 5555
  Адрес назначения: 0x12
  Адрес отправителя: 0x64
  Счетчик пакетов: 0x89
  Длина пакетов: 0x05
  Функция: 0x08
  Адр: 0xFD 0x00
  Размер: 0x00 0x44
  CRC: 0x4D
  Первые 13 байт: 555512648905000800FD44004D

Пакет #2 [13:25:10.173]
HEX: 5555641289440020A1A74142484F45204D4548B02020203E4B6FBDE4B8B4797061E5B8C720202020A963BF61BD6FB3BAB820202020202020A8706F63BC2E206365BD636F706FB30101000083
Длина: 76 байт
  Длина: 76 байт
  Маркер: 5555
  Адрес назначения: 0x64
  Адрес отправителя: 0x12
  Счетчик пакетов: 0x89
  Длина пакетов: 0x44
  Функция: 0x20
  Адр: 0xA7 0xA1
  Размер: 0x42 0x41
  CRC: 0x48
  Первые 16 байт: 5555641289440020A1A74142484F4520
  ... и еще 60 байт

Пакет #3 [13:25:10.184]
HEX: 555512648A05000800FD44004E
Длина: 13 байт
  Длина: 13 байт
  Маркер: 5555
  Адрес назначения: 0x12
  Адрес отправителя: 0x64
  Счетчик пакетов: 0x8A
  Длина пакетов: 0x05
  Функция: 0x08
  Адр: 0xFD 0x00
  Размер: 0x00 0x44
  CRC: 0x4E
  Первые 13 байт: 555512648A05000800FD44004E

Пакет #4 [13:25:10.314]
HEX: 555564128A440020A1A74142484F45204D4548B02020203E4B6FBDE4B8B4797061E5B8C720202020A963BF61BD6FB3BAB820202020202020A8706F63BC2E206365BD636F706FB30101000084
Длина: 76 байт
  Длина: 76 байт
  Маркер: 5555
  Адрес назначения: 0x64
  Адрес отправителя: 0x12
  Счетчик пакетов: 0x8A
  Длина пакетов: 0x44
  Функция: 0x20
  Адр: 0xA7 0xA1
  Размер: 0x42 0x41
  CRC: 0x48
  Первые 16 байт: 555564128A440020A1A74142484F4520
  ... и еще 60 байт

Пакет #5 [13:25:10.336]
HEX: 555512648B05000800FD44004F
Длина: 13 байт
  Длина: 13 байт
  Маркер: 5555
  Адрес назначения: 0x12
  Адрес отправителя: 0x64
  Счетчик пакетов: 0x8B
  Длина пакетов: 0x05
  Функция: 0x08
  Адр: 0xFD 0x00
  Размер: 0x00 0x44
  CRC: 0x4F
  Первые 13 байт: 555512648B05000800FD44004F

Пакет #6 [13:25:10.474]
HEX: 555564128B440020A1A74142484F45204D4548B02020203E4B6FBDE4B8B4797061E5B8C720202020A963BF61BD6FB3BAB820202020202020A8706F63BC2E206365BD636F706FB30101000085
Длина: 76 байт
  Длина: 76 байт
  Маркер: 5555
  Адрес назначения: 0x64
  Адрес отправителя: 0x12
  Счетчик пакетов: 0x8B
  Длина пакетов: 0x44
  Функция: 0x20
  Адр: 0xA7 0xA1
  Размер: 0x42 0x41
  CRC: 0x48
  Первые 16 байт: 555564128B440020A1A74142484F4520
  ... и еще 60 байт

Пакет #7 [13:25:10.485]
HEX: 555512648C05000800FD440050
Длина: 13 байт
  Длина: 13 байт
  Маркер: 5555
  Адрес назначения: 0x12
  Адрес отправителя: 0x64
  Счетчик пакетов: 0x8C
  Длина пакетов: 0x05
  Функция: 0x08
  Адр: 0xFD 0x00
  Размер: 0x00 0x44
  CRC: 0x50
  Первые 13 байт: 555512648C05000800FD440050

Пакет #8 [13:25:10.620]
HEX: 555564128C440020A1A74142484F45204D4548B02020203E4B6FBDE4B8B4797061E5B8C720202020A963BF61BD6FB3BAB820202020202020A8706F63BC2E206365BD636F706FB30101000086
Длина: 76 байт
  Длина: 76 байт
  Маркер: 5555
  Адрес назначения: 0x64
  Адрес отправителя: 0x12
  Счетчик пакетов: 0x8C
  Длина пакетов: 0x44
  Функция: 0x20
  Адр: 0xA7 0xA1
  Размер: 0x42 0x41
  CRC: 0x48
  Первые 16 байт: 555564128C440020A1A74142484F4520
  ... и еще 60 байт

Пакет #9 [13:25:10.636]
HEX: 555512648D05000800FD440051
Длина: 13 байт
  Длина: 13 байт
  Маркер: 5555
  Адрес назначения: 0x12
  Адрес отправителя: 0x64
  Счетчик пакетов: 0x8D
  Длина пакетов: 0x05
  Функция: 0x08
  Адр: 0xFD 0x00
  Размер: 0x00 0x44
  CRC: 0x51
  Первые 13 байт: 555512648D05000800FD440051

Пакет #10 [13:25:10.765]
HEX: 555564128D440020A1A74142484F45204D4548B02020203E4B6FBDE4B8B4797061E5B8C720202020A963BF61BD6FB3BAB820202020202020A8706F63BC2E206365BD636F706FB30101000087
Длина: 76 байт
  Длина: 76 байт
  Маркер: 5555
  Адрес назначения: 0x64
  Адрес отправителя: 0x12
  Счетчик пакетов: 0x8D
  Длина пакетов: 0x44
  Функция: 0x20
  Адр: 0xA7 0xA1
  Размер: 0x42 0x41
  CRC: 0x48
  Первые 16 байт: 555564128D440020A1A74142484F4520
  ... и еще 60 байт

Пакет #11 [13:25:10.787]
HEX: 555512648E05000800FD440052
Длина: 13 байт
  Длина: 13 байт
  Маркер: 5555
  Адрес назначения: 0x12
  Адрес отправителя: 0x64
  Счетчик пакетов: 0x8E
  Длина пакетов: 0x05
  Функция: 0x08
  Адр: 0xFD 0x00
  Размер: 0x00 0x44
  CRC: 0x52
  Первые 13 байт: 555512648E05000800FD440052

Пакет #12 [13:25:10.921]
HEX: 555564128E440020A1A74142484F45204D4548B02020203E4B6FBDE4B8B4797061E5B8C720202020A963BF61BD6FB3BAB820202020202020A8706F63BC2E206365BD636F706FB30101000088
Длина: 76 байт
  Длина: 76 байт
  Маркер: 5555
  Адрес назначения: 0x64
  Адрес отправителя: 0x12
  Счетчик пакетов: 0x8E
  Длина пакетов: 0x44
  Функция: 0x20
  Адр: 0xA7 0xA1
  Размер: 0x42 0x41
  CRC: 0x48
  Первые 16 байт: 555564128E440020A1A74142484F4520
  ... и еще 60 байт

Пакет #13 [13:25:10.932]
HEX: 555512648F05000800FD440053
Длина: 13 байт
  Длина: 13 байт
  Маркер: 5555
  Адрес назначения: 0x12
  Адрес отправителя: 0x64
  Счетчик пакетов: 0x8F
  Длина пакетов: 0x05
  Функция: 0x08
  Адр: 0xFD 0x00
  Размер: 0x00 0x44
  CRC: 0x53
  Первые 13 байт: 555512648F05000800FD440053

Пакет #14 [13:25:11.070]
HEX: 555564128F440020A1A74142484F45204D4548B02020203E4B6FBDE4B8B4797061E5B8C720202020A963BF61BD6FB3BAB820202020202020A8706F63BC2E206365BD636F706FB30101000089
Длина: 76 байт
  Длина: 76 байт
  Маркер: 5555
  Адрес назначения: 0x64
  Адрес отправителя: 0x12
  Счетчик пакетов: 0x8F
  Длина пакетов: 0x44
  Функция: 0x20
  Адр: 0xA7 0xA1
  Размер: 0x42 0x41
  CRC: 0x48
  Первые 16 байт: 555564128F440020A1A74142484F4520
  ... и еще 60 байт

Пакет #15 [13:25:11.080]
HEX: 555512649005000800FD440054
Длина: 13 байт
  Длина: 13 байт
  Маркер: 5555
  Адрес назначения: 0x12
  Адрес отправителя: 0x64
  Счетчик пакетов: 0x90
  Длина пакетов: 0x05
  Функция: 0x08
  Адр: 0xFD 0x00
  Размер: 0x00 0x44
  CRC: 0x54
  Первые 13 байт: 555512649005000800FD440054

Пакет #16 [13:25:11.215]
HEX: 5555641290440020A1A74142484F45204D4548B02020203E4B6FBDE4B8B4797061E5B8C720202020A963BF61BD6FB3BAB820202020202020A8706F63BC2E206365BD636F706FB3010100008A
Длина: 76 байт
  Длина: 76 байт
  Маркер: 5555
  Адрес назначения: 0x64
  Адрес отправителя: 0x12
  Счетчик пакетов: 0x90
  Длина пакетов: 0x44
  Функция: 0x20
  Адр: 0xA7 0xA1
  Размер: 0x42 0x41
  CRC: 0x48
  Первые 16 байт: 5555641290440020A1A74142484F4520
  ... и еще 60 байт
======================================================================
ЗАВЕРШЕНИЕ СНИФФИНГА
Всего пакетов: 17
Время: 2026-08-12 13:25:11
Лог-файл: logs\sniff_20260812_132456.log
======================================================================
